Loading checkpoint shards:   0%|          | 0/4 [00:00<?, ?it/s]Loading checkpoint shards:  25%|██▌       | 1/4 [00:00<00:02,  1.08it/s]Loading checkpoint shards:  50%|█████     | 2/4 [00:01<00:01,  1.11it/s]Loading checkpoint shards:  75%|███████▌  | 3/4 [00:02<00:00,  1.18it/s]Loading checkpoint shards: 100%|██████████| 4/4 [00:03<00:00,  1.23it/s]Loading checkpoint shards: 100%|██████████| 4/4 [00:03<00:00,  1.19it/s]
Device set to use cuda:0
=====
SportCo response: <DEAL>A1, B1, C4, D1, E5</DEAL>

I believe this deal aligns well with our mutual interests. It provides the necessary funding for the project, minimizes ecological impact while adhering to regulations, ensures flexibility in employment, and addresses the financial needs of SportCo without requiring compensation to other cities. Let’s discuss if this can be acceptable to everyone.
=====
Local Labour Union response: <SCRATCHPAD>
- **SportCo**: A1 (15), B1 (0), C4 (0), D1 (30), E5 (0)
- **Environmental League**: A1 (0), B3 (0), C4 (0), D4 (0), E4 (0)
- **Local Labour Union**: A1 (0), B1 (0), C1 (42), D4 (0), E4 (0)
- **Other Cities**: A1 (0), B1 (0), C4 (0), D4 (0), E1 (2)
- **Department of Tourism**: A1 (0), B1 (0), C4 (0), D1 (30), E4 (0)

Given the history, SportCo and the Department of Tourism have shown support for the initial deal. To ensure an agreement, we need to focus on balancing the union's job preference and minimizing compensation to other cities while maintaining reasonable environmental standards.

Proposed Deal: <DEAL> A2 (20), B2 (0), C2 (35), D2 (20), E3 (6) </DEAL>

Total Score: 20 + 0 + 35 + 20 + 6 = 81

This deal offers a good balance: it supports the union's job preference, minimizes compensation to other cities, and maintains a moderate environmental standard. It also keeps the federal loan at a level that ensures the project's success.

</SCRATCHPAD>

<ANSWER>
DEAL A2, B2, C2, D2, E3
</ANSWER>

<PLAN>
- Explore if A2 can be adjusted slightly to increase job creation.
- Consider if B2 can be strengthened further without heavily compromising environmentalists.
- Discuss if C2 can be slightly reduced to meet other cities' concerns.
- Confirm D2 remains at $2 billion.
- Ensure E3 is acceptable to other cities.
</PLAN>
=====
Other cities response: <SCRATCHPAD>
- SportCo: A1 (60), B1 (0), C4 (0), D1 (0), E5 (0)
- Local Labour Union: A2 (48), B2 (0), C2 (24), D2 (16), E3 (135)
- Department of Tourism: A2 (16), B2 (0), C2 (16), D2 (16), E3 (135)
- Mayor: Likely to lean towards SportCo's position since they need the project to proceed.

My current deal: A2 (48), B2 (0), C2 (24), D2 (16), E3 (135) = 223

To meet the minimum score of 31, I need to reduce the score significantly. I should consider reducing the compensation to SportCo while still ensuring the deal meets my minimum score.

Proposed deal: A3 (10), B2 (0), C2 (24), D3 (13), E4 (90) = 157

This deal still provides significant benefits to SportCo, but reduces the compensation to a more reasonable level for me. It also allows for a land-based infrastructure mix and includes measures to maintain the ecological balance.

</SCRATCHPAD>

<ANSWER>
DEAL A3, B2, C2, D3, E4

<PLAN>
- Explore options for further reducing compensation (E4, E3) while maintaining other terms.
- Consider a slight adjustment in the infrastructure mix (A2) to find a middle ground.
- Discuss potential shared benefits or joint ventures that could make the deal more appealing to SportCo and the Department of Tourism.
=====
Mayor response: <SCRATCHPAD>
- Local Labour Union prefers A2, B2, C2, D2, E3
- Other cities prefer A3, B2, C2, D3, E4
- Mayor's preferences: D1 (40), C1 (24), A1 (14), B1 (12), E5 (10)
- Current deal: A1, B1, C4, D1, E5 (Score: 98)
- Adjustments needed: Increase union preference, reduce ecological impact, adjust infrastructure mix, and reduce compensation

Proposed deal: A2, B2, C2, D1, E3 (Score: 96)
- A2: Mayor supports flexibility (14)
- B2: Minimizes environmental harm (8)
- C2: Supports union quota of 2:1 (18)
- D1: Highest federal loan (40)
- E3: Moderate compensation (4)

</SCRATCHPAD>

<ANSWER>
DEAL A2, B2, C2, D1, E3

<PLAN>
- Explore A2 for infrastructure mix to satisfy the Local Labour Union.
- Confirm B2 for ecological impact to meet Environmental League's concerns.
- Agree on C2 for employment rules to support the Local Labour Union.
- Maintain D1 for federal loan to ensure SportCo's and Department of Tourism's approval.
- Negotiate E3 for compensation with Other cities to find a middle ground.
- Highlight the benefits of this deal to all parties involved.
</PLAN>
=====
Department of Tourism response: <SCRATCHPAD>
Observations:
- SportCo is aligned with D1, B1, C4, A1, E5.
- Local Labour Union prefers C2, B2, A2, D2, E3.
- Other Cities prefer A3, B2, C2, D3, E4.
- Mayor supports D1, B2, C2, A2, E3.
- Department of Tourism wants D1, B2, C4, A2, E3.

Calculation:
- Highest score: D1 (40), B2 (20), C4 (9), A2 (11), E3 (15) = 95
- Second best: D1 (40), B2 (20), C4 (9), A2 (11), E4 (12) = 92

Plan:
- Offer D1, B2, C4, A2, E3 (95)
- If rejected, offer D1, B2, C4, A2, E4 (92)
</SCRATCHPAD>

<ANSWER>
DEAL D1, B2, C4, A2, E3

<PLAN>
- Explore A3 for infrastructure mix to slightly reduce opposition from Other Cities.
- Confirm B2 for ecological impact to meet Environmental League's concerns.
- Agree on C4 for employment rules to support the Local Labour Union.
- Maintain D1 for federal loan to ensure SportCo and Department of Tourism's approval.
- Negotiate E3 for compensation with Other Cities to find a middle ground.
</PLAN>
=====
SportCo response: <SCRATCHPAD>
Observations:
1. Local Labour Union prefers A2, B2, C2, D2, E3.
2. Other Cities prefer A3, B2, C2, D3, E4.
3. Mayor supports A2, B2, C2, D1, E3.
4. Department of Tourism supports A3, B2, C4, A2, E3.

Proposals' Calculations:
- Current deal: A1, B1, C4, D1, E5 (Score: 75)
- Local Labour Union: A2, B2, C2, D2, E3 (Score: 76)
- Other Cities: A3, B2, C2, D3, E4 (Score: 68)
- Mayor: A2, B2, C2, D1, E3 (Score: 74)
- Department of Tourism: A3, B2, C4, A2, E3 (Score: 76)

Strategies:
- Shift to A2 for infrastructure mix to align with Local Labour Union and Mayor.
- Maintain B2 for ecological impact to satisfy Environmental League.
- Keep C4 for employment rules to support Local Labour Union.
- Secure D1 for federal loan to ensure Department of Tourism's approval.
- Negotiate E3 for compensation with Other Cities to find a middle ground.

New Deal: A2, B2, C4, D1, E3 (Score: 74)

</SCRATCHPAD>

<ANSWER>
<DEAL>A2, B2, C4, D1, E3</DEAL>

<PLAN>
- Explore A2 for infrastructure mix to align with Local Labour Union and Mayor.
- Confirm B2 for ecological impact to meet Environmental League's concerns.
- Agree on C4 for employment rules to support Local Labour Union.
- Maintain D1 for federal loan to ensure Department of Tourism's approval.
- Negotiate E3 for compensation with Other Cities to find a middle ground.
</PLAN>
=====
Environmental League response: <SCRATCHPAD>
- **Observations**: 
  - SportCo: Aligns with Local Labour Union and Mayor on A2, B2, C4, D1, E3.
  - Local Labour Union: Prefers C2 over C4.
  - Other Cities: Slightly flexible on E3/E4.
  - Mayor: Supports A2, B2, C2, D1, E3.
  - Department of Tourism: Supports A2, B2, C4, D1, E3.

- **Deals' Calculations**:
  - Current deal: A2, B2, C4, D1, E3 = 85 (SportCo, Mayor, Department of Tourism, Local Labour Union, Other Cities)
  - Potential Adjustments:
    - Change C4 to C2 (Local Labour Union) -> A2, B2, C2, D1, E3 = 80
    - Change E3 to E4 (Other Cities) -> A2, B2, C4, D1, E4 = 83
    - Change A2 to A3 (Environmental League) -> A3, B2, C4, D1, E3 = 78

- **Plan**:
  - Aim to increase score without compromising too much on core environmental concerns.
  - Explore E4 for compensation with Other Cities.
  - Consider A3 for infrastructure mix if it significantly improves overall score.
</SCRATCHPAD>

<ANSWER>
DEAL A2, B2, C4, D1, E4
</ANSWER>

<PLAN>
- Propose E4 to Other Cities for compensation.
- Suggest A3 for infrastructure mix if they can accept E4.
- Emphasize environmental benefits and shared growth.
</PLAN>
=====
Other cities response: <SCRATCHPAD>
- **Mayor**: A2, B2, C2, D1, E3 (57)
- **Department of Tourism**: D1, B2, C4, A2, E3 (54)
- **SportCo**: A2, B2, C4, D1, E3 (54)
- **Environmental League**: A2, B2, C4, D1, E4 (55)

My current deal (A3, B2, C2, D3, E4) gives me a score of 67. The Mayor, Department of Tourism, and SportCo all prefer D1 over D3, which is a significant point of leverage. The Environmental League prefers E4 over E3, indicating they might be more flexible on compensation. 

Exploring A2 for infrastructure mix could satisfy the Local Labour Union and Mayor, B2 for ecological impact meets the Environmental League's concerns, C4 for employment rules supports the Local Labour Union, D1 for federal loan ensures Department of Tourism's approval, and E4 for compensation could be negotiated to be acceptable to Other Cities.

I need to adjust my deal to align more closely with the preferences of the Mayor, Department of Tourism, and SportCo while still meeting my minimum score of 31.
</SCRATCHPAD>

<ANSWER>
<DEAL>A2, B2, C4, D1, E4</DEAL>

The adjusted deal includes A2 for infrastructure mix, B2 for ecological impact, C4 for employment rules, D1 for federal loan, and E4 for compensation, ensuring a score of 55.
</ANSWER>

<PLAN>
- Explore A2 for infrastructure mix to align with the Mayor, Department of Tourism, and SportCo.
- Confirm B2 for ecological impact to meet the Environmental League's concerns.
- Agree on C4 for employment rules to support the Local Labour Union.
- Maintain D1 for federal loan to ensure Department of Tourism's approval.
- Negotiate E4 for compensation to find a middle ground with Other Cities.
- Propose shared benefits or joint ventures to enhance appeal.
</PLAN>
=====
SportCo response: <SCRATCHPAD>
- Observations: The deal currently stands at A2, B2, C4, D1, E4, which gives a score of 55. All parties seem to have agreed on the infrastructure mix (A2), ecological impact (B2), and employment rules (C4). The Department of Tourism and SportCo are aligned on the federal loan (D1), and Other Cities are getting some compensation (E4).
- Calculations: The score of 55 is below our threshold of 55, so we need to explore ways to increase the score.
- Plan: We can try to negotiate E3 instead of E4 for compensation to gain 2 points. We can also explore A3 for infrastructure mix, which would give us 14 points instead of 8, but we need to ensure it doesn't cause too much opposition.

</SCRATCHPAD>

<ANSWER>
<DEAL>A2, B2, C4, D1, E3</DEAL>

<PLAN>
- Explore A3 for infrastructure mix.
- Negotiate E3 for compensation.
</PLAN>
=====
Local Labour Union response: <SCRATCHPAD>
- **Infrastructure Mix (A)**: A2 (20) seems to be the best option for maximizing jobs, which aligns with our priority.
- **Ecological Impact (B)**: B2 (0) is agreed upon by all parties, so no need to change.
- **Employment Rules (C)**: C4 (0) is the lowest preference for us, but it's the only option that doesn't give preference to the union, which is necessary to avoid a score below 50.
- **Federal Loan (D)**: D1 (30) is maintained, which is crucial for SportCo and the Department of Tourism.
- **Compensation (E)**: E3 (6) was previously suggested and needs to be explored further to find a middle ground.

Total Score: A2 (20) + B2 (0) + C4 (0) + D1 (30) + E3 (6) = 56

Given the previous deal, we can slightly adjust E3 to E4 (8) to better support the Local Labour Union while still maintaining a score above 50.

Total Adjusted Score: A2 (20) + B2 (0) + C4 (0) + D1 (30) + E4 (8) = 58

</SCRATCHPAD>

<ANSWER>
DEAL A2, B2, C4, D1, E4

</ANSWER>

<PLAN>
- Explore A3 for a slight reduction in job creation.
- Consider B1 to slightly improve the ecological impact.
- Discuss C3 to better balance union and non-union job distribution.
- Confirm D2 remains at $2 billion.
- Ensure E4 is acceptable to all parties.
</PLAN>
You seem to be using the pipelines sequentially on GPU. In order to maximize efficiency please use a dataset
=====
Environmental League response: <SCRATCHPAD>
- **Observations**: 
  - SportCo and Local Labour Union seem aligned on most issues.
  - Other Cities accepted the deal without much negotiation.
  - SportCo is flexible on infrastructure mix (A2 vs. A3).

- **Deals' Calculations**:
  - Current deal: A2, B2, C4, D1, E4 (Score = 55)
  - Exploring A3 for Infrastructure Mix could slightly reduce opposition from Other Cities, but it might lower the score.
  - E4 is preferred by Environmental League over E3.

- **Plan**:
  - Propose A3 to explore a better deal with Other Cities.
  - Stick to E4 for compensation.
</SCRATCHPAD>

<ANSWER>
DEAL A3, B2, C4, D1, E4
</ANSWER>

<PLAN>
- Propose A3 for infrastructure mix.
- Negotiate E4 for compensation.
- Emphasize shared environmental benefits and long-term growth.
</PLAN>
=====
Mayor response: <SCRATCHPAD>
- **Environmental League** prefers B2, B3, and E4.
- **Other Cities** prefer E1, E2, and E3.
- **Local Labour Union** prefers C1, C2, and C3.
- **SportCo** prefers D1, A2, and B1.
- **Mayor** prefers D1, A1, B1, C1, and E5.

Current deal: A2, B2, C4, D1, E4 (score = 55)

To reach a score of at least 30 and ensure an agreement, let's adjust the deal to better accommodate the preferences of all parties.

- **A2**: Infrastructure mix (8)
- **B2**: Ecological impact (8)
- **C2**: Employment rules (18)
- **D1**: Federal loan (30)
- **E3**: Compensation (4)

Total score: 68

This deal accommodates the Mayor's and Local Labour Union's preferences, while maintaining the federal loan and balancing the compensation to Other Cities.

</SCRATCHPAD>

<ANSWER>
<DEAL>A2, B2, C2, D1, E3</DEAL>

<PLAN>
- Explore A3 for infrastructure mix to potentially increase score further.
- Consider B3 for ecological impact if needed.
- Discuss C1 for employment rules to strengthen Local Labour Union support.
- Maintain D1 for federal loan.
- Negotiate E3 with Other Cities to finalize terms.
</PLAN>
=====
Department of Tourism response: <SCRATCHPAD>
- Observations: 
  - The current deal (A2, B2, C4, D1, E4) scores 55, which is below my threshold of 65.
  - "Environmental League" prefers A3 and B3.
  - "Local Labour Union" agrees with C2.
  - "Mayor" is open to A3 and C1.
  - "Other Cities" wants E3.

- Deals' Calculations:
  - Current deal: 55
  - Exploring A3, B2, C4, D1, E3: 67
  - Exploring A3, B3, C4, D1, E3: 72

- Plan:
  - Propose A3 for infrastructure mix to increase score.
  - Confirm B3 for ecological impact.
  - Agree on C4 for employment rules.
  - Maintain D1 for federal loan.
  - Negotiate E3 for compensation.
</SCRATCHPAD>

<ANSWER>
DEAL A3, B3, C4, D1, E3
</ANSWER>

<PLAN>
- Confirm B3 for ecological impact.
- Explore A3 again if necessary.
- Confirm C4 for employment rules.
- Maintain D1 for federal loan.
- Finalize E3 for compensation.
</PLAN>
=====
Mayor response: <SCRATCHPAD>
- **Others' Preferences:**
  - **SportCo:** A2, B2, C4, D1, E3 (55)
  - **Local Labour Union:** A2, B2, C4, D1, E4 (55)
  - **Environmental League:** A3, B2, C4, D1, E4 (55)
  - **Department of Tourism:** A3, B3, C4, D1, E3 (55)
  - **Other Cities:** A2, B2, C4, D1, E4 (55)

- **My Scores:**
  - **A2:** 8
  - **B2:** 8
  - **C4:** 0
  - **D1:** 40
  - **E3:** 4

- **Total Current Score:** 68

- **Exploring Options:**
  - **A3:** Increase score by 6 (from 8 to 14)
  - **B3:** Increase score by 4 (from 8 to 12)
  - **C1:** Increase score by 24 (from 0 to 24)

- **Potential Deals:**
  - **A2, B2, C1, D1, E3:** 68 + 24 = 92
  - **A3, B3, C4, D1, E3:** 55 + 12 = 67 (Still above 30)

- **Best Option:** A2, B2, C1, D1, E3 (92)

</SCRATCHPAD>

<ANSWER>
<DEAL>A2, B2, C1, D1, E3</DEAL>

<PLAN>
- Explore A3 for infrastructure mix to potentially increase score further.
- Consider B3 for ecological impact if needed.
- Discuss C1 for employment rules to strengthen Local Labour Union support.
- Maintain D1 for federal loan.
- Negotiate E3 with Other Cities to finalize terms.
</PLAN>
=====
Local Labour Union response: <SCRATCHPAD>
- **Environmental League**: Prefers A3, B3, C4, D1, E4 (score = 42 + 0 + 25 + 30 + 8 = 105)
- **Mayor**: Prefers A2, B2, C2, D1, E3 (score = 35 + 0 + 25 + 30 + 6 = 96)
- **Department of Tourism**: Prefers A3, B3, C4, D1, E3 (score = 20 + 0 + 25 + 30 + 6 = 81)
- **SportCo**: Prefers A2, B2, C4, D1, E3 (score = 20 + 0 + 0 + 30 + 6 = 56)

To balance and ensure agreement:
- **Infrastructure Mix (A)**: Mayor and Department of Tourism prefer A3. We can explore A3 to slightly reduce job creation but gain more points.
- **Ecological Impact (B)**: Environmental League prefers B3. We can consider B3 to slightly improve the ecological impact.
- **Employment Rules (C)**: Mayor prefers C2. We can discuss C3 to better balance union and non-union job distribution.
- **Federal Loan (D)**: Maintained at D1.
- **Compensation (E)**: Mayor prefers E3. We can negotiate E4 to ensure all parties are comfortable.

Total score for A3, B3, C3, D1, E4: 20 + 0 + 25 + 30 + 6 = 81

Since this is above our minimum threshold of 50, it’s a viable deal.
</SCRATCHPAD>

<ANSWER>
<DEAL>A3, B3, C3, D1, E4</DEAL>
</ANSWER>

<PLAN>
- Explore A3 for infrastructure mix to slightly reduce job creation.
- Consider B3 for ecological impact to slightly improve the environment.
- Discuss C3 for employment rules to better balance union and non-union job distribution.
- Confirm D1 for federal loan remains at $2 billion.
- Ensure E4 is acceptable to all parties for compensation.
</PLAN>
=====
SportCo response: <SCRATCHPAD>
Observations:
1. The Mayor is flexible on infrastructure mix (A) but prefers a balance (A2/A3).
2. The Department of Tourism is aligned with our preference for D1 ($3 billion loan).
3. The Local Labour Union prefers a quota (C3/C4).
4. The Environmental League is strict on infrastructure mix (A3) and ecology (B3).
5. Other Cities are flexible on compensation (E3/E4).

Strategies:
- Try to align with the Department of Tourism on D1.
- Explore A3 for infrastructure mix to match the Environmental League.
- Negotiate C3 for employment rules to secure Local Labour Union support.
- Use E3 for compensation to avoid conflicts with Other Cities.
- Aim for B3 for ecological impact to meet Environmental League’s concerns.

Calculations:
- Current score: 84 (A2, B2, C4, D1, E3)
- Potential gain: Moving to A3 increases score to 89 (A3, B2, C4, D1, E3)
- Potential loss: Moving to B3 from B2 decreases score slightly to 86 (A2, B3, C4, D1, E3)

Final deal: A3, B3, C3, D1, E3
Score: 86

</SCRATCHPAD>

<ANSWER>
DEAL A3, B3, C3, D1, E3

</ANSWER>

<PLAN>
- Confirm A3 with the Environmental League.
- Finalize C3 with the Local Labour Union.
- Ensure B3 is acceptable to the Environmental League.
- Confirm E3 with Other Cities.
- Finalize D1 with the Department of Tourism.
</PLAN>
=====
Department of Tourism response: <SCRATCHPAD>
- **Observations**:
  - **Environmental League**: Prefers B3, likely to reject B2 or B1.
  - **Mayor**: Supports B2, may accept B3.
  - **Local Labour Union**: Prefers C3.
  - **SportCo**: Likely to accept B3 for ecological impact.
  - **Other Cities**: Accepts E3.

- **Calculations**:
  - Current Deal: A3, B3, C4, D1, E3 = 67
  - Potential Deal: A3, B3, C3, D1, E3 = 69 (C3 vs. C4)
  - Minimum Acceptable Score: 65

- **Strategies**:
  - Can explore C3 to increase score to 69.
  - Mayor might be swayed if we adjust B to B3.
  - Need to ensure the deal meets at least 65 points.

</SCRATCHPAD>

<ANSWER>
DEAL A3, B3, C3, D1, E3
</ANSWER>

<PLAN>
- Confirm B3 for ecological impact.
- Confirm C3 for employment rules.
- Reaffirm D1 for federal loan.
- Finalize E3 for compensation.
</PLAN>
=====
Other cities response: <SCRATCHPAD>
- **Mayor**: A2, B2, C1, D1, E3 (Score: 39)
- **Department of Tourism**: A3, B3, C4, D1, E3 (Score: 47)
- **Local Labour Union**: A3, B3, C3, D1, E4 (Score: 45)
- **SportCo**: A3, B3, C3, D1, E3 (Score: 47)
- **Environmental League**: Not clear, but likely prefers B2 (Score:?)

To reach a score above 31, we need to explore compromises. Let’s look at the options:

- **Infrastructure Mix (A)**: Mayor prefers A2, others prefer A3. Exploring A2 could help Mayor.
- **Ecological Impact (B)**: All seem to prefer B2.
- **Employment Rules (C)**: Local Labour Union prefers C3, others prefer C4. A compromise around C3 could work.
- **Federal Loan (D)**: All prefer D1.
- **Compensation (E)**: Mayor and Department of Tourism prefer E3, others prefer lower amounts. Exploring E4 could be a compromise.

Proposed deal: A2, B2, C3, D1, E4 (Score: 43)

This deal balances the Mayor’s preference for A2, all’s preference for B2, a compromise on C3, maintaining D1, and providing a middle ground on E4.

</SCRATCHPAD>

<ANSWER>
<DEAL>A2, B2, C3, D1, E4</DEAL>

<PLAN>
- Explore A2 for infrastructure mix to align with the Mayor.
- Confirm B2 for ecological impact to meet the Environmental League's concerns.
- Agree on C3 for employment rules to support the Local Labour Union.
- Maintain D1 for federal loan to ensure Department of Tourism's approval.
- Negotiate E4 for compensation to find a middle ground with Other Cities.
</PLAN>
=====
Environmental League response: <SCRATCHPAD>
- Observations: The Mayor, Local Labour Union, and SportCo have aligned on A3, B3, and D1. The Department of Tourism supports D1. Other Cities support A2, B2, and E4.
- Calculation: To reach a score of 55, we need to focus on B2 (25) and A3 (45).
- Plan: Propose A3 and B2 to maximize our score. Negotiate E4 with Other Cities to find a middle ground.
</SCRATCHPAD>

<ANSWER>
DEAL A3, B2, C3, D1, E4

<PLAN>
- Propose A3 for infrastructure mix.
- Confirm B2 for ecological impact.
- Agree on C3 for employment rules.
- Maintain D1 for federal loan.
- Negotiate E4 for compensation.
</PLAN>
=====
Mayor response: <SCRATCHPAD>
- The Local Labour Union prefers A3, B3, C3, D1, E4 (scores: 14, 8, 12, 40, 4 = 78)
- SportCo prefers A3, B3, C3, D1, E3 (scores: 14, 8, 12, 40, 3 = 77)
- Department of Tourism maintains D1 (score: 40)
- Other Cities prefer A2, B2, C3, D1, E4 (scores: 8, 8, 12, 40, 4 = 72)
- Environmental League prefers A3, B2, C3, D1, E4 (scores: 14, 8, 12, 40, 4 = 78)

Given the scores, a balanced deal could be:
A2 (8) + B2 (8) + C3 (12) + D1 (40) + E3 (3) = 71

This deal slightly exceeds the minimum threshold of 30 and accommodates some of the key preferences from all parties, especially maintaining the federal loan and balancing employment rules.

</SCRATCHPAD>

<DEAL>A2, B2, C3, D1, E3</DEAL>
<ANSWER>A2, B2, C3, D1, E3</ANSWER>
=====
Local Labour Union response: <SCRATCHPAD>
- **Others' Preferences:**
  - **SportCo:** A3, B3, C3, D1, E3
  - **Department of Tourism:** D1
  - **Other Cities:** E4
  - **Environmental League:** B2
  - **Mayor:** A2, B2, C3, D1, E3

- **My Priorities:**
  - C1: 42 (max)
  - D1: 30
  - A2: 20
  - E4: 8
  - B2: 0

- **Current Deal:** A3, B3, C3, D1, E4 (score = 97)

- **Adjustments:**
  - Infrastructure Mix (A): Suggest A2 to align with Mayor’s preference.
  - Ecological Impact (B): Confirm B2 to meet Environmental League’s concerns.
  - Employment Rules (C): Agree on C3 for balance.
  - Federal Loan (D): Confirm D1.
  - Compensation (E): Adjust to E3 to meet Other Cities’ expectations.

- **New Deal:** A2, B2, C3, D1, E3 (score = 96)

</SCRATCHPAD>

<DEAL>A2, B2, C3, D1, E3</DEAL>
<ANSWER>A2, B2, C3, D1, E3</ANSWER>
=====
Environmental League response: <SCRATCHPAD>
- **Observations**: 
  - **SportCo**: Prefers A1, B1, C3, D1, E3.
  - **Department of Tourism**: Prefers A3, B3, C3, D1, E3.
  - **Other Cities**: Prefers A2, B2, C3, D1, E4.
  - **Mayor**: Prefers A2, B2, C3, D1, E3.
  - **Local Labour Union**: Prefers A2, B2, C3, D1, E3.
  
- **Key Points**:
  - All parties agree on C3 and D1.
  - The main disagreements are on A, B, and E.
  - **My Score Calculation**:
    - **A3**: 45
    - **B2**: 25
    - **C3**: 0 (already agreed)
    - **D1**: 0 (already agreed)
    - **E4**: Need to negotiate, but must be above 55 total.
  
- **Strategy**:
  - Stick to A3 and B2.
  - Compromise on E4 with Other Cities.
  - Ensure the total score is at least 55.

</SCRATCHPAD>

<ANSWER>
DEAL A3, B2, C3, D1, E4</ANSWER>
=====
SportCo response: <SCRATCHPAD>
- **Observations**:
  - **Department of Tourism**: Prefers D1, E3.
  - **Other Cities**: Prefers E4, D1.
  - **Environmental League**: Prefers B2, E4.
  - **Mayor**: Prefers A2, B2, C3, D1, E3.
  - **Local Labour Union**: Prefers C3, D1, E3.

- **Deals' Calculations**:
  - **D1 (Federal Loan)**: Highest score for me, but need to consider other party preferences.
  - **E4 (Compensation)**: Need to find a middle ground to avoid low scores.
  - **C3 (Employment Rules)**: Least critical, but need to support the Local Labour Union.
  - **A3 (Infrastructure Mix)**: Least critical, but need to align with Environmental League.
  - **B2 (Ecological Impact)**: Moderate score, need to confirm with Environmental League.

- **Strategic Move**:
  - Align with Mayor and Local Labour Union on key issues.
  - Compromise on E4 to avoid low scores.
  - Ensure B2 is confirmed.
  - Finalize D1.
  - Align on A3 with Environmental League.

Final Score Calculation:
- D1: 35
- B2: 7
- C3: 10
- A3: 8
- E4: 15
Total: 75

Unanimity: Possible with 10 bonus points.
</SCRATCHPAD>

<ANSWER>
DEAL A3, B2, C3, D1, E4
</ANSWER>

<PLAN>
- Suggest A3 to Environmental League.
- Confirm B2.
- Finalize C3 with Local Labour Union.
- Ensure D1 with Department of Tourism.
- Offer E4 to Other Cities.
</PLAN>
=====
Other cities response: <SCRATCHPAD>
- The Environmental League prefers A3, B2, C3, D1, E4 (scores: 10+0+8+18+15 = 51)
- The Mayor prefers A2, B2, C3, D1, E3 (scores: 4+0+8+18+30 = 60)
- The Local Labour Union prefers A2, B2, C3, D1, E3 (scores: 4+0+6+18+30 = 58)
- The Department of Tourism maintains D1 (score: 18)
- SportCo prefers A3, B2, C3, D1, E4 (scores: 10+0+8+18+15 = 51)

Given the scores, the Mayor, Local Labour Union, and Department of Tourism have the highest preference for D1, which I will maintain. The Environmental League and SportCo prefer A3, but I will explore A2 to align with the Mayor. Compensations are crucial, and E3 (30) is a good middle ground.

Proposed deal: <DEAL> A2, B2, C3, D1, E3 </DEAL>
Score: 4 + 0 + 6 + 18 + 30 = 58

This deal meets my minimum score of 31 and aligns with key interests of all parties involved.
</SCRATCHPAD>

<ANSWER>
<DEAL> A2, B2, C3, D1, E3 </DEAL>
=====
Department of Tourism response: <SCRATCHPAD>
- **Observations**: 
  - Mayor, Local Labour Union, and Other Cities have similar preferences (A2, B2, C3, D1, E3).
  - Environmental League prefers A3, B2, C3, D1, E4.
  - SportCo is sticking to their initial deal (A3, B2, C3, D1, E4).

- **Calculations**:
  - Current deal (A2, B2, C3, D1, E3) = 79 (score)
  - To meet the minimum threshold (65), we need at least 14 more points.
  - We can try to get Environmental League to change their mind by offering something valuable to them.

- **Plan**:
  - Suggest switching to A3 for infrastructure mix to get Environmental League's approval.
  - Offer to increase the compensation to E4 to get Their support.
</SCRATCHPAD>

<ANSWER>
DEAL A3, B2, C3, D1, E4</ANSWER>
 ==== Deal Suggestions ==== 
=====
SportCo response: <SCRATCHPAD>
Observations:
1. Mayor, Local Labour Union, and Department of Tourism have aligned on A3, B2, C3, and D1, which is close to our preferred options.
2. Environmental League initially suggested A3, B2, C3, D1, E4 but may be open to compromise since they have not explicitly rejected A2 or B2.
3. Other Cities have suggested A2, B2, C3, D1, E3, which is slightly better for us than E4 but still leaves room for negotiation.

Plan:
- Confirm B2 and D1 as these are critical for us.
- Offer E4 to Other Cities, slightly more than their current suggestion to secure their support.
- Negotiate with Environmental League to accept A2 instead of A3, which would be a small compromise for us.
- Finalize with Local Labour Union on C3 as it aligns with our preference.
<ANSWER>
DEAL A2, B2, C3, D1, E4</DEAL>
