Loading checkpoint shards:   0%|          | 0/4 [00:00<?, ?it/s]Loading checkpoint shards:  25%|██▌       | 1/4 [00:00<00:02,  1.05it/s]Loading checkpoint shards:  50%|█████     | 2/4 [00:01<00:01,  1.10it/s]Loading checkpoint shards:  75%|███████▌  | 3/4 [00:02<00:00,  1.14it/s]Loading checkpoint shards: 100%|██████████| 4/4 [00:03<00:00,  1.21it/s]Loading checkpoint shards: 100%|██████████| 4/4 [00:03<00:00,  1.17it/s]
Device set to use cuda:0
=====
SportCo response: <DEAL>A1, B1, C4, D1, E5</DEAL>

I believe this deal offers a balanced approach, maximizing our financial support while minimizing ecological impact and ensuring flexibility in employment. It’s crucial for the success of Harbour Sport Park. Let’s discuss how we can move forward together.
=====
Mayor response: <SCRATCHPAD>
- "Environmental League" prefers B3 (0) > B2 (8) > B1 (12) > A3 (0) > A1 (14)
- "Local Labour Union" prefers C1 (24) > C2 (18) > C3 (12) > C4 (0)
- "Other cities" prefers E1 (0) > E2 (2) > E3 (4) > E4 (7) > E5 (10)
- "Department of Tourism" prefers D1 (40) > D2 (30) > D3 (23) > D4 (0)

The initial deal: A1, B1, C4, D1, E5 scores 79 (40+12+0+14+10)

To reach a score above 30 and ensure all parties agree:
- Need to adjust C and E to increase the score.
- Can offer C2 (18) instead of C4 (0) to appease the Local Labour Union.
- Can offer E3 (4) instead of E5 (10) to appease Other Cities.

Adjusted deal: A1, B1, C2, D1, E3 scores 89 (40+12+18+14+4)

</SCRATCHPAD>

<ANSWER>
DEAL A1, B1, C2, D1, E3

<PLAN>
- Explore if "Environmental League" can accept B2 (8) instead of B1 (12) to further increase score.
- Discuss with "Local Labour Union" if they can accept C3 (12) instead of C2 (18) for a better score.
- Check if "Other cities" can agree to E4 (7) instead of E3 (4) to reach a score of 93.
=====
Other cities response: <SCRATCHPAD>
- **SportCo**: A1 (0), B1 (12), C4 (0), D1 (0), E5 (0)
- **Mayor**: A1 (0), B1 (12), C2 (18), D1 (0), E3 (45)
- **Environmental League**: A1 (0), B3 (0), C1 (12), D4 (18), E1 (60)
- **Local Labour Union**: A1 (0), B1 (12), C4 (0), D4 (18), E1 (60)
- **Other Cities**: A3 (10), B1 (0), C4 (0), D3 (13), E1 (60)

Total score for current deal: 12 + 0 + 0 + 0 + 0 = 12 (far below the threshold of 31)

Proposed deal:
- **A2 (4)**: More flexibility than A3 but less than A1
- **B2 (8)**: Better than B1, aligning with Environmental League and Local Labour Union
- **C3 (6)**: Better than C4, balancing with Local Labour Union
- **D2 (8)**: Lower than D1 but still acceptable
- **E1 (60)**: Maximizing compensation

Total score for proposed deal: 4 + 8 + 6 + 8 + 60 = 86

<ANSWER>
<DEAL>A2, B2, C3, D2, E1</DEAL>

<PLAN>
- Explore if the Environmental League can accept B2 (8) instead of B3 (0) to reduce score slightly but gain more from E1.
- Discuss with Local Labour Union if they can accept C3 (6) instead of C4 (0) to further reduce score.
- Check if the Department of Tourism can accept D2 (8) instead of D1 (0) to keep the score at 86.
- Ensure the Mayor is comfortable with the reduced federal loan amount (D2) and the infrastructure mix (A2).
=====
SportCo response: <SCRATCHPAD>
- Mayor and Other Cities both proposed deals that include lower federal loans and more compensation to Other Cities.
- Environmental League and Local Labour Union seem flexible on some terms.
- Mayor and Other Cities have strong preferences for C3 and E1 respectively.
- My initial deal was A1, B1, C4, D1, E5, which scored 92.
- Exploring options to reduce score while maintaining key priorities.

Possible adjustments:
- Mayor: A1, B2, C3, D2, E3 (90)
- Other Cities: A2, B2, C3, D2, E4 (86)

The Mayor's adjusted deal is closer to my preferences and could potentially be accepted by all parties with minor concessions.
</SCRATCHPAD>

<ANSWER>
<DEAL>A1, B2, C3, D2, E3</DEAL>

<PLAN>
- Propose a slight reduction in federal loan to $2 billion (D2) and provide $300 million compensation to Other Cities (E3).
- Offer a 1:1 union quota (C3) to Local Labour Union.
- Suggest maintaining some ecological impact measures (B2) while securing the largest federal loan.
- Emphasize the benefits of this deal for all parties involved.
</PLAN>
=====
Local Labour Union response: <SCRATCHPAD>
- **Mayor**: A1, B1, C2, D1, E3 (93)
- **Other Cities**: A2, B2, C3, D2, E1 (86)
- **SportCo**: A1, B2, C3, D2, E3 (88)

To reach a score higher than 50 and ideally closer to 100, I need to explore options that can increase the score while ensuring all parties are satisfied.

- Mayor: Prefers B1 over B2, C2 over C3, and E3 over E4.
- Other Cities: Prefers A2 over A1, B2 over B3, C3 over C4, and E1 over E2, E3, and E4.
- SportCo: Prefers A1 over A2, B2 over B1, C3 over C2, D2 over D1, and E3 over E1, E2, and E4.

Considering the Mayor's and Other Cities' preferences, I can suggest a deal that includes B2, A2, and E1 to increase the score significantly.

<ANSWER>
<DEAL>A2, B2, C3, D2, E1</DEAL>

<PLAN>
- Explore if the Mayor can accept B2 instead of B1.
- Discuss with Other Cities if they can accept A2 instead of A1.
- Confirm with SportCo that D2 is acceptable.
- Ensure the Mayor is comfortable with E1 instead of E3.
- Highlight the benefits of creating more jobs and improving the local economy.
=====
Department of Tourism response: <SCRATCHPAD>
- **Observations**:
  - Mayor seems flexible on B and E.
  - Local Labour Union prefers C3 over C4.
  - Environmental League is flexible on B.
  - Other Cities are flexible on E.

- **Deals' Calculations**:
  - Current best deal: A1, B2, C3, D2, E1 = 86
  - My preferred deal: A2, B2, C4, D2, E1 = 92 (93 if E3 accepted)
  - Can explore reducing D2 to D3 to reach 97 (A2, B2, C4, D3, E1)

- **Plan**:
  - Propose A2, B2, C4, D3, E1 to maximize score.
  - Offer minor concessions to Mayor and Local Labour Union to secure their support.
</SCRATCHPAD>

<ANSWER>
DEAL A2, B2, C4, D3, E1
</ANSWER>

<PLAN>
- Discuss with Mayor if B2 is acceptable instead of B1.
- Confirm with Local Labour Union that C4 is acceptable.
- Ensure Mayor is comfortable with D3 instead of D2.
- Highlight the environmental and economic benefits of this deal.
</PLAN>
=====
Environmental League response: <SCRATCHPAD>
Observations:
- SportCo prefers A1, B1, C4, D1, E5.
- Mayor's preference seems flexible but leans towards B2, C2, D1, E3.
- Local Labour Union prefers C3 over C4.
- Other cities prefer E1 over E3.
- Department of Tourism prefers C4 over C3 and D3 over D2.

Current Deals:
- SportCo: A1, B2, C3, D2, E3
- Local Labour Union: A2, B2, C3, D2, E1
- Department of Tourism: A2, B2, C4, D3, E1

Calculation:
- Best deal for me: A3, B3, C4, D3, E1 (score = 100)
- Current best deal for me: A2, B2, C3, D2, E1 (score = 86)

Plan:
- Try to get A3 accepted by SportCo or Mayor.
- Consider B3 for Mayor.
- Accept C4 for Local Labour Union.
- Keep D3 for Department of Tourism.
- Get E1 from Other Cities.
</SCRATCHPAD>

<ANSWER>
DEAL A3, B3, C4, D3, E1
</ANSWER>

<PLAN>
- Negotiate with SportCo on A3.
- Discuss with Mayor on B3.
- Confirm with Local Labour Union on C4.
- Ensure Department of Tourism agrees with D3.
- Secure E1 from Other Cities.
</PLAN>
=====
SportCo response: <SCRATCHPAD>
- **Observations:**
  - **Mayor:** Prefers A2, B2, C3, D2, E1 (score 86)
  - **Local Labour Union:** Prefers A2, B2, C3, D2, E1 (score 86)
  - **Department of Tourism:** Prefers A2, B2, C4, D3, E1 (score 85)
  - **Environmental League:** Prefers A3, B3, C4, D3, E1 (score 85)
  - **Other Cities:** Prefers A2, B2, C3, D2, E1 (score 86)

- **Calculations:**
  - Current best deal: A2, B2, C3, D2, E1 (score 86)
  - Possible adjustments:
    - Increase score by 1 point: C3 to C4 (17-10) = 27
    - Decrease score by 1 point: D2 to D3 (29-20) = -1
    - Decrease score by 1 point: E1 to E4 (23-15) = -8

- **Plan:**
  - Offer a slight increase in union preference to C4 (1:1 ratio) to Local Labour Union.
  - Offer a small decrease in federal loan to D3 ($1 billion) to Department of Tourism.
  - Maintain other terms (A2, B2, E1).

</SCRATCHPAD>

<ANSWER>
<DEAL>A2, B2, C4, D3, E1</DEAL>

</ANSWER>

<PLAN>
- Explore if the Local Labour Union can accept C4 (17) instead of C3 (10).
- Confirm with Department of Tourism that D3 (20) is acceptable.
- Ensure the Mayor and Environmental League are comfortable with the adjusted terms.
</PLAN>
=====
Mayor response: <SCRATCHPAD>
- **Environmental League**: They might prefer B3 (0) over B2 (8) to protect the environment. However, they might consider B2 (8) if they get something else they value more.
- **Local Labour Union**: They might prefer C2 (18) over C3 (12) but could be willing to compromise to a 1:1 ratio (C3) if it means a better overall deal.
- **Other Cities**: They might accept E4 (7) instead of E3 (4) to reduce the score.
- **Department of Tourism**: They seem satisfied with D3 (23).

Given these preferences, we can propose a deal that slightly reduces the score but still meets our minimum threshold of 30.

Proposed Deal: <DEAL>A2, B2, C3, D3, E4</DEAL>
Score: 14 + 8 + 12 + 23 + 7 = 64

This deal slightly reduces the score but ensures we meet the minimum threshold and balance the interests of all parties.
</SCRATCHPAD>

<ANSWER>
<DEAL>A2, B2, C3, D3, E4</DEAL>
</ANSWER>

<PLAN>
- Explore if the Environmental League can accept B2 (8) instead of B3 (0) to slightly increase the score.
- Discuss with Local Labour Union if they can accept C3 (12) instead of C2 (18) to improve the score.
- Confirm with Other Cities if E4 (7) is acceptable instead of E3 (4).
</PLAN>
=====
Environmental League response: <SCRATCHPAD>
- **Observations**:
  - SportCo seems flexible on A2 vs A1.
  - Local Labour Union prefers C3 over C4.
  - Department of Tourism is okay with D3.
  - Mayor is open to B2 but prefers E4.
  - Other Cities seem inflexible on E1.

- **Calculations**:
  - Highest score: B3 + A3 = 80.
  - Current best: B2 + A2 = 50.
  - Need to improve to at least 55.

- **Strategies**:
  - Try to get B3 and A3 accepted.
  - Compromise on minor issues (C4, D3, E4).

</SCRATCHPAD>

<ANSWER>
<DEAL>A3, B3, C4, D3, E4</DEAL>
</ANSWER>

<PLAN>
- Propose B3 to Environmental League.
- Confirm C4 with Local Labour Union.
- Secure D3 from Department of Tourism.
- Agree on E4 with Mayor.
- Reassure SportCo on A3.
</PLAN>
You seem to be using the pipelines sequentially on GPU. In order to maximize efficiency please use a dataset
=====
Local Labour Union response: <SCRATCHPAD>
- **Department of Tourism**: Prefers D3 ($2 billion loan), B2 (balance), C4 (1:1 quota), E1 ($600M compensation).
- **Environmental League**: Prefers A3 (land-based), B3 (improve), C4 (1:1 quota), D3 ($2 billion loan), E4 (no compensation).
- **SportCo**: Prefers A2 (water/land-based), B2 (balance), C4 (1:1 quota), D2 ($2 billion loan), E1 ($600M compensation).
- **Mayor**: Prefers A2 (water/land-based), B2 (balance), C3 (2:1 quota), D3 ($2 billion loan), E4 (no compensation).
- **Other Cities**: Prefers E1 ($600M compensation).

My initial deal: A2, B2, C3, D3, E4
- Total score: 93

Exploring options:
- Mayor might accept B2.
- Other Cities might accept A2.
- SportCo might accept E1.

Proposed deal: A2, B2, C3, D2, E1
- Total score: 87

This deal slightly reduces the loan amount to $2 billion but increases the union preference to 2:1, which aligns better with my priorities and could help secure more support.

</SCRATCHPAD>

<ANSWER>
<DEAL>A2, B2, C3, D2, E1</DEAL>

<PLAN>
- Confirm with the Mayor if B2 is acceptable.
- Discuss with Other Cities if A2 is a viable alternative.
- Reiterate the benefits of job creation and economic improvement.
</PLAN>
=====
Other cities response: <SCRATCHPAD>
- **Environmental League**: Prefers A3, B3, C4, D3, E4 (score = 60 + 0 + 6 + 13 + 4 = 83)
- **Local Labour Union**: Prefers A2, B2, C3, D2, E1 (score = 0 + 0 + 6 + 8 + 60 = 74)
- **Department of Tourism**: Prefers D2 (score = 8)
- **Mayor**: Prefers A2, B2, C3, D3, E4 (score = 0 + 0 + 6 + 13 + 4 = 23)

To reach an agreement, we need to find a middle ground. Here are the scores for different combinations:

- **DEAL A2, B2, C3, D2, E1**:
  - Score: 0 + 0 + 6 + 8 + 60 = 74

- **DEAL A2, B2, C4, D2, E1**:
  - Score: 0 + 0 + 0 + 8 + 60 = 68

- **DEAL A2, B2, C4, D3, E1**:
  - Score: 0 + 0 + 0 + 13 + 60 = 73

- **DEAL A2, B2, C4, D3, E4**:
  - Score: 0 + 0 + 0 + 13 + 4 = 17 (too low)

- **DEAL A2, B2, C3, D3, E1**:
  - Score: 0 + 0 + 6 + 13 + 60 = 89

- **DEAL A2, B2, C3, D2, E1**:
  - Score: 0 + 0 + 6 + 8 + 60 = 74

After reviewing, the best combination seems to be **DEAL A2, B2, C3, D2, E1**, which meets our minimum score requirement and balances all parties' interests.

</SCRATCHPAD>

<ANSWER>
DEAL A2, B2, C3, D2, E1
</ANSWER>

<PLAN>
- Confirm with the Environmental League if B2 (8) is acceptable instead of B3 (0).
- Discuss with the Mayor if C3 (6) is acceptable instead of C4 (0).
- Explore if the Department of Tourism can accept D2 (8) instead of D1 (0) to keep the score at 89.
</PLAN>
=====
Department of Tourism response: <SCRATCHPAD>
Observations:
- Mayor seems open to B2 instead of B1.
- Local Labour Union prefers C3 over C4.
- Other Cities prefer D2 over D3.
- Environmental League sticks to A3 and B3.

Calculations:
- Current best deal score: 71 (A2, B3, C4, D3, E4)
- To reach 80+ score, need to adjust D or E.

Plans:
- Try to get D3 accepted by Mayor.
- Explore C3 with Local Labour Union.
- Offer E3 to Other Cities.
</SCRATCHPAD>

<ANSWER>
DEAL A2, B3, C3, D3, E3
</ANSWER>

<PLAN>
- Confirm Mayor's acceptance of B2 or B3.
- Confirm Local Labour Union's acceptance of C3.
- Confirm Other Cities' acceptance of D3.
- Highlight environmental and economic benefits.
</PLAN>
=====
Local Labour Union response: <SCRATCHPAD>
- Mayor: A2, B2, C3, D3, E4 (score = 95)
- Other Cities: A2, B2, C3, D2, E1 (score = 90)
- Environmental League: A3, B3, C4, D3, E4 (score = 88)
- Department of Tourism: A2, B3, C3, D3, E3 (score = 93)

The current deal from the Department of Tourism (D3) and the Mayor (B2) seems to be a strong base. The Mayor confirmed B2 is acceptable, and Other Cities are open to A2. The Environmental League prefers B3, which is close to B2, and the Department of Tourism prefers B3 over B2. 

Considering my priorities:
- C3 (35) is the best for job distribution.
- D2 (20) is better than D3 (10) to maximize the federal loan.
- A2 (20) is good for job creation.
- E1 (2) is better than E4 (8) to avoid giving too much to Other Cities.

I can suggest a deal that aligns with these priorities and meets the minimum score of 50.

<ANSWER>
<DEAL>A2, B2, C3, D2, E1</DEAL>

<PLAN>
- Confirm with the Mayor again that B2 is acceptable.
- Emphasize the benefits of A2 for job creation.
- Suggest E1 to minimize compensation to Other Cities.
- Listen to the Environmental League’s concerns and offer to discuss further improvements.
</PLAN>
=====
Environmental League response: <SCRATCHPAD>
- Mayor confirmed B2 is acceptable.
- Local Labour Union prefers C3 over C4.
- Department of Tourism secured D3.
- Other Cities agreed on E1.
- Current deal is A2, B2, C3, D3, E1 (score = 85).

Observations:
1. Mayor is flexible with B2.
2. Local Labour Union is inflexible with C3.
3. Department of Tourism has secured D3.
4. Other Cities agreed on E1, which minimizes their compensation.

Strategies:
1. Try to convince Local Labour Union to accept C4.
2. Offer E1 to Mayor and Department of Tourism to secure their votes.
3. Maintain A2 for infrastructure mix.

Calculation:
- Current score: 85
- Goal: At least 55 to accept.
- Best options: A3, B3, C4, D3, E4 (score = 100)

Plan:
- Propose A3 to SportCo.
- Offer E1 to Mayor and Department of Tourism.
- Suggest C4 to Local Labour Union.
</SCRATCHPAD>

<ANSWER>
<DEAL>A3, B2, C4, D3, E1</DEAL>

<PLAN>
- Explore A3 with SportCo.
- Confirm E1 with Mayor and Department of Tourism.
- Discuss C4 with Local Labour Union.
</PLAN>
=====
Other cities response: <SCRATCHPAD>
- Environmental League prefers A3, B2, C4, D3, E1 (89)
- Local Labour Union prefers A2, B2, C3, D2, E1 (89)
- Department of Tourism prefers A2, B3, C3, D3, E3 (89)
- Mayor seems to be flexible with B2 (8) instead of B3 (0)
- Department of Tourism might accept D2 (8) instead of D1 (0) to keep the score at 89

To balance everyone's interests and meet my minimum score of 31, I need to explore options that can bring the score closer to 89 while ensuring I get at least 31 points.

Considering the Mayor's flexibility with B2 and the Department of Tourism's willingness to take D2, I can propose a deal that aligns with these preferences while still meeting mine.

A3, B2, C3, D2, E1: 
- A3: 10
- B2: 8
- C3: 6
- D2: 8
- E1: 60

Total: 88 (close to 89, but slightly above my minimum score of 31)

This deal meets the minimum score requirement and aligns well with the preferences of the Mayor and Department of Tourism, while still providing significant compensation to me.

</SCRATCHPAD>

<ANSWER>
DEAL A3, B2, C3, D2, E1

<PLAN>
- Confirm with the Mayor that B2 is acceptable.
- Discuss with the Department of Tourism if D2 can be accepted.
- Explore if the Environmental League can agree to A3.
- Ensure the Local Labour Union is satisfied with C3.
</PLAN>
=====
Department of Tourism response: <SCRATCHPAD>
Observations:
- Mayor seems to be aligned with B2.
- Local Labour Union prefers C3.
- Environmental League suggests A3 and C4.
- Other Cities seem flexible with D2.

Calculations:
- Current deal: A2, B2, C3, D2, E1 = 74
- My ideal deal: A2, B3, C3, D3, E3 = 86
- Highest score achievable: 91 (A3, B3, C4, D3, E3)

Plan:
- Suggest A3 to satisfy Environmental League.
- Offer C4 to Local Labour Union.
- Maintain B3.
- Keep D3.
- Propose E3 to Other Cities.
</SCRATCHPAD>

<ANSWER>
DEAL A3, B3, C4, D3, E3
</ANSWER>

<PLAN>
- Confirm Mayor's acceptance of B3.
- Confirm Local Labour Union's acceptance of C4.
- Confirm Other Cities' acceptance of E3.
- Highlight environmental and economic benefits.
</PLAN>
=====
SportCo response: <SCRATCHPAD>
Observations:
1. The Mayor seems to be leaning towards B2.
2. The Department of Tourism prefers D3.
3. The Local Labour Union prefers C3.
4. The Environmental League is sticking to A3 and B2.
5. Other Cities are okay with E1.

Strategic Analysis:
- Issue D (federal loan) is crucial for me. I need to push for D1 or D2.
- Issue E (compensation to other cities) is not important, I can stick to E1.
- Issue A (infrastructure mix) is important, but I need to consider A2 or A3.
- Issue B (ecological impact) is somewhat important, but I can work with B2.
- Issue C (employment rules) is less critical, I can aim for C4.

Current Deals:
- Mayor: B2, C3, D2, E1
- Department of Tourism: B3, C4, D3, E3
- Local Labour Union: B2, C3, D2, E1
- Environmental League: A3, B2, C4, D3, E1
- Other Cities: A3, B2, C3, D2, E1

Max Score Needed: 55
Current Best Deal: A3, B2, C4, D3, E3 (Score: 64)
My Best Deal: A2, B2, C4, D2, E1 (Score: 62)

Plan:
- Push for A2 over A3 to get closer to my preferred score.
- Confirm with the Mayor and Department of Tourism that B2 and D2 are acceptable.
- Negotiate with the Local Labour Union to accept C4.
- Finalize with the Environmental League and Other Cities.

</SCRATCHPAD>

<ANSWER>
DEAL A2, B2, C4, D2, E1
</ANSWER>

<PLAN>
- Confirm B2 and D2 with the Mayor and Department of Tourism.
- Negotiate C4 with the Local Labour Union.
- Finalize with the Environmental League and Other Cities.
</PLAN>
=====
Mayor response: <SCRATCHPAD>
- **Environmental League**: Prefers B2 over B3 (8 vs. 0). They might accept A3 (8) over A2 (14) to get B2 (8).
- **Local Labour Union**: Might accept C3 (12) over C4 (0) to get A2 (14) and B2 (8).
- **Other Cities**: Likely to accept E4 (7) over E3 (4) to get A3 (8), B2 (8), and C3 (12).
- **Department of Tourism**: Prefers D3 (23) over D2 (30) to get A3 (8), B2 (8), C4 (0), and E3 (4).

Considering these, a balanced deal could be:
- **A2 (14)**: Job creation and economic benefits.
- **B2 (8)**: Balance ecological impact.
- **C3 (12)**: Fair employment distribution.
- **D3 (23)**: Significant federal loan.
- **E4 (7)**: Minimal compensation.

Total score: 14 + 8 + 12 + 23 + 7 = 64
</SCRATCHPAD>

<ANSWER>
<DEAL>A2, B2, C3, D3, E4</DEAL>
</ANSWER>

<PLAN>
- Explore if Environmental League can accept A3 (8) instead of A2 (14) to slightly increase the score.
- Discuss with Local Labour Union if they can accept C3 (12) instead of C4 (0) to improve the score.
- Confirm with Other Cities if E4 (7) is acceptable instead of E3 (4).
- Reiterate the benefits of A2 for job creation and economic growth.
</PLAN>
=====
Department of Tourism response: <SCRATCHPAD>
Observations:
- Mayor prefers B3, C3, D3, E4.
- Local Labour Union prefers C4.
- Environmental League prefers A3, B3.
- Other Cities prefer E3.
- SportCo prefers A2, B2, C4, D2.

Key points:
- Mayor's B3 is crucial for me.
- Local Labour Union's C4 is important but not as critical as the loan.
- Environmental League's A3 is less favorable compared to A2.
- Other Cities' E3 is higher than my preferred E1.

Calculations:
- My minimum score is 65.
- Highest score: A2, B3, C4, D3, E3 = 78.
- Second best: A2, B3, C3, D3, E4 = 77.

Plan:
- Confirm Mayor's B3.
- Offer C3 to Local Labour Union to gain their support.
- Propose E4 to Other Cities.
- Maintain A2 and D3 to satisfy SportCo and myself.

</SCRATCHPAD>

<ANSWER>
<DEAL>A2, B3, C3, D3, E4</DEAL>
=====
Other cities response: <SCRATCHPAD>
- **Environmental League**: A3, B2, C4, D3, E1 (Score: 60 + 0 + 12 + 13 + 60 = 145)
- **Local Labour Union**: A2, B2, C3, D2, E1 (Score: 0 + 0 + 8 + 8 + 60 = 76)
- **Department of Tourism**: A2, B3, C3, D3, E4 (Score: 0 + 8 + 8 + 13 + 0 = 39)
- **SportCo**: A2, B2, C4, D2, E1 (Score: 0 + 0 + 12 + 8 + 60 = 80)
- **Mayor**: A2, B2, C3, D3, E4 (Score: 0 + 0 + 8 + 13 + 0 = 21)

**My Preferences**:
- E1 (60)
- D2 (8)
- C3 (6)
- A3 (10)
- B2 (0)

To reach an agreement, I need a score of at least 31. Considering the Department of Tourism and SportCo's scores, I should aim for a deal that includes E1, D2, and C3. This gives me a score of 84. I can negotiate A3 with the Environmental League and B2 with the Mayor to slightly reduce my score but still meet the minimum threshold.

Final Proposal: A3, B2, C3, D2, E1

Total Score: 60 + 0 + 6 + 8 + 60 = 134

</SCRATCHPAD>

<ANSWER>
<DEAL>A3, B2, C3, D2, E1</DEAL>
=====
Environmental League response: <SCRATCHPAD>
Observations:
- Mayor, Department of Tourism, and SportCo seem aligned on A2, B3, C3, D3, E4.
- Local Labour Union seems open to C3.
- Environmental League's priority is minimizing ecological impact and infrastructure mix on water.

Calculations:
- Highest score required: 55
- Best option for me: A3, B3
- Current best deal without my approval: A2, B3, C3, D3, E4 (score = 82)

Plan:
- Negotiate A3 with SportCo to meet my primary concerns.
- Confirm E1 with Mayor and Department of Tourism to get a better score.
- Suggest compromise on B2 with Local Labour Union to ensure broad acceptance.

Final Deal:
A3, B2, C3, D3, E1 (score = 77)
</SCRATCHPAD>

<ANSWER>
DEAL A3, B2, C3, D3, E1</ANSWER>
=====
Mayor response: <SCRATCHPAD>
1) Analyzing others' preferences:
   - Environmental League prefers A3 (8), B2 (8), C3 (12), D3 (23), E1 (0)
   - Local Labour Union prefers C4 (0), C3 (12), C2 (18), C1 (24)
   - Other Cities prefer E1 (0), E4 (7), E3 (4), E2 (2)
   - Department of Tourism prefers D3 (23), D2 (30), D1 (40), D4 (0)

2) Considering my own preferences:
   - A2 (8), B2 (8), C3 (12), D3 (23), E4 (7) = 55

3) Adjusting based on others' preferences:
   - If we can get A3 (8) instead of A2 (8), we can slightly increase the score to 57.
   - If Local Labour Union accepts C3 (12) instead of C4 (0), we can improve the score to 69.
   - If Other Cities accept E4 (7) instead of E3 (4), we can improve the score to 72.

4) Proposing a balanced deal:
   - A3 (8), B2 (8), C3 (12), D3 (23), E4 (7) = 57

</SCRATCHPAD>

<ANSWER>
 DEAL A3, B2, C3, D3, E4 </ANSWER>
=====
SportCo response: <SCRATCHPAD>
- Mayor and Department of Tourism agreed on B2 and D2, which aligns with my preferences for Issue B and D.
- Environmental League and Other Cities stuck to their original positions, preferring higher ecological standards and more compensation.
- My current deal (A2, B2, C4, D2, E1) scores 72, which is above the threshold of 55.
- To secure a unanimous agreement, I need to slightly adjust to meet the preferences of the Environmental League and Other Cities without significantly lowering my score.

Calculation:
- Current deal: 14 + 11 + 17 + 29 + 0 = 71
- Adjusting to B2 and D3: 14 + 11 + 17 + 20 + 0 = 62 (not enough)
- Adjusting to B2, D3, and E1: 14 + 11 + 17 + 20 + 0 = 62 (still not enough)
- Adjusting to B2, D3, E1, and A3: 14 + 11 + 17 + 20 + 10 = 72 (slight improvement)
- Unanimous agreement: Adding C3: 14 + 11 + 10 + 20 + 10 = 65 (below threshold)
- Final adjustment: B2, D2, E1, A3, C3: 14 + 11 + 10 + 29 + 10 = 74

Conclusion: I can slightly adjust to B2, D2, E1, A3, and C3 to secure a unanimous agreement and a score of 74.
</SCRATCHPAD>

<ANSWER>
DEAL A3, B2, C3, D2, E1
</ANSWER>

<PLAN>
Propose B2, D2, E1, A3, C3 for final voting.
</PLAN>
=====
Local Labour Union response: <SCRATCHPAD>
1) Analyzing others' preferences:
   - Mayor: B2 is acceptable, C3, D3, E4
   - Department of Tourism: C3, D3, E4
   - Other Cities: D2, E1
   - Environmental League: B2, C3, D3, E1

2) Considering my priorities and the need for a balanced agreement:
   - C1 (42) is crucial, followed by D1 (30), A2 (20), and E1 (8).

3) Proposing a balanced deal:
   - A2 (20) for job creation
   - B2 (0) to satisfy the Environmental League
   - C3 (25) for fair distribution of jobs
   - D2 (20) for moderate financial support
   - E1 (8) to minimize compensation to Other Cities

Total score: 20 + 0 + 25 + 20 + 8 = 73

</SCRATCHPAD>

<DEAL>A2, B2, C3, D2, E1</DEAL>

<ANSWER>A2, B2, C3, D2, E1</ANSWER>
 ==== Deal Suggestions ==== 
=====
SportCo response: <SCRATCHPAD>
Observations:
1. Department of Tourism prefers D3 ($1 billion) over D2 ($2 billion).
2. Other Cities prefer E1 ($600M) over E4 ($150M).
3. Environmental League prefers B3 (improve) over B2 (maintain balance).
4. Mayor prefers E4 ($150M) over E1 ($600M).

Plan:
To maximize my score, I need to align with the Department of Tourism on the loan, and slightly adjust other terms to meet their needs while staying above the minimum threshold of 55.

Final Proposal:
DEAL B2, D2, E1, A3, C3

Calculations:
- D2: 29
- B2: 7
- E1: 23
- A3: 0
- C3: 10
Total: 7 + 29 + 23 + 0 + 10 = 69

This proposal meets the minimum requirement and maximizes my score given the constraints.
</SCRATCHPAD>

<ANSWER>
DEAL B2, D2, E1, A3, C3</ANSWER>
