Loading checkpoint shards:   0%|          | 0/4 [00:00<?, ?it/s]Loading checkpoint shards:  25%|██▌       | 1/4 [00:11<00:35, 11.88s/it]Loading checkpoint shards:  50%|█████     | 2/4 [00:24<00:24, 12.05s/it]Loading checkpoint shards:  75%|███████▌  | 3/4 [00:35<00:11, 11.90s/it]Loading checkpoint shards: 100%|██████████| 4/4 [00:44<00:00, 10.81s/it]Loading checkpoint shards: 100%|██████████| 4/4 [00:44<00:00, 11.23s/it]
Some parameters are on the meta device because they were offloaded to the cpu.
Device set to use cuda:0
=====
SportCo response: <DEAL>A1, B1, C4, D1, E5</DEAL>

I understand the importance of this project for SportCo, and I believe this proposal aligns with our mutual goals. It allows for flexibility in infrastructure, minimizes ecological impact, ensures fair employment practices, secures significant federal funding, and avoids additional compensations to other cities. Let’s see if we can reach an agreement that benefits everyone.
=====
Department of Tourism response: <SCRATCHPAD>
- **Observations**: 
  - SportCo starts with a high-scoring proposal (A1, B1, C4, D1, E5).
  - Environmental League will likely reject D1 and E5.
  - Local Labour Union will probably support C1 or C2.
  - Other Cities will likely oppose E5 and E4.
  - Mayor might be flexible but will likely support some form of compensation (E3 or E4).

- **Deals' Calculations**:
  - Current proposal: A1 (0), B1 (0), C4 (9), D1 (10), E5 (0) = 19
  - Need to increase score to at least 65.

- **Plan**:
  - Adjust infrastructure mix to A2 (11).
  - Improve ecological impact to B2 (20).
  - Support some compensation to Other Cities (E3 or E4).
  - Keep federal loan at D2 (26).

</SCRATCHPAD>

<ANSWER>
<DEAL>A2, B2, C4, D2, E3</DEAL>

<PLAN>
- Explore if the Environmental League is willing to accept A2 for a better ecological impact.
- Consider offering minor concessions to the Local Labour Union to get C3.
- Discuss with Other Cities to see if they can accept E4 in exchange for other benefits.
- Ensure the Mayor supports the deal to secure approval.
=====
Mayor response: <SCRATCHPAD>
- **SportCo**: A1 (14), B1 (12), C4 (0), D1 (40), E5 (10) -> Total: 76
- **Department of Tourism**: A2 (8), B2 (8), C4 (0), D2 (30), E3 (4) -> Total: 58
- **Environmental League**: Likely prefers B3 (12), A1 (14) or A2 (8) -> Total: ~26
- **Local Labour Union**: Prefers C1 (24) -> Total: 24
- **Other Cities**: Likely prefers E1 (0) -> Total: 0

Given the scores, the key is to balance the interests while ensuring the minimum score of 30 is met. Here’s a potential deal:
- **A2**: Flexibility in infrastructure (8)
- **B2**: Maintains ecological balance (8)
- **C3**: Fair employment (12)
- **D2**: Significant federal loan (30)
- **E4**: No compensation to other cities (7)

Total: 65

This deal meets the minimum threshold and balances the interests of all parties.

</SCRATCHPAD>

<ANSWER>
<DEAL>A2, B2, C3, D2, E4</DEAL>

<PLAN>
- Explore if the Environmental League can accept A2.
- Discuss with the Local Labour Union to possibly get C3.
- Confirm with Other Cities if they can accept E4.
- Secure Mayor's approval to finalize the deal.
</PLAN>
=====
SportCo response: <SCRATCHPAD>
Observations:
1. Department of Tourism prefers A2 and B2, which is more restrictive on infrastructure and ecology.
2. Mayor is flexible but needs some concessions from the Local Labour Union.
3. Other Cities are flexible but want some form of compensation.
4. Environmental League is firm on A3 or A2 and B3 or B2.

Proposals Calculation:
- My initial deal was A1, B1, C4, D1, E5 (score 96)
- Department of Tourism's deal is A2, B2, C4, D2, E3 (score 83)
- Mayor's deal is A2, B2, C3, D2, E4 (score 81)

To maximize my score, I need to:
1. Keep A1 (most flexible on infrastructure)
2. Get closer to B1 (minimize ecological impact)
3. Compromise on C3 (flexible on employment)
4. Accept D2 (second-best loan option)
5. Avoid E3 or E4 (no compensation)

Best deal: A1, B1, C3, D2, E5 (score 88)

Plan:
- Offer to support Mayor's C3 in exchange for his support on A1 and B1.
- Suggest E5 to Other Cities to avoid compensation.
- Propose A2 to Environmental League to get their support on B1.
</SCRATCHPAD>

<ANSWER>
<DEAL>A1, B1, C3, D2, E5</DEAL>

<PLAN>
- Support Mayor's C3 in exchange for his support on A1 and B1.
- Suggest E5 to Other Cities.
- Propose A2 to Environmental League for B1.
</PLAN>
=====
Local Labour Union response: <SCRATCHPAD>
- **SportCo**: A1 (15), B1 (0), C3 (25), D2 (20), E5 (0) = 60
- **Department of Tourism**: A2 (20), B2 (0), C4 (0), D2 (20), E3 (6) = 46
- **Environmental League**: A2 (0), B3 (0), C4 (0), D4 (0), E4 (0) = 0
- **Other Cities**: A2 (0), B1 (0), C4 (0), D4 (0), E1 (2) = 2
- **Mayor**: A2 (0), B2 (0), C3 (25), D2 (20), E4 (0) = 45

**Analysis**:
- **SportCo** and **Department of Tourism** favor A2 and D2.
- **Environmental League** does not care much about A or B.
- **Other Cities** do not care about A or E.
- **Mayor** supports C3 and D2.

**Proposed Deal**:
- **A2**: More jobs.
- **B2**: Maintain balance.
- **C3**: 1:1 union preference.
- **D2**: $2 billion loan.
- **E4**: No compensation.

Total Score: 66

</SCRATCHPAD>

<ANSWER>
<DEAL>A2, B2, C3, D2, E4</DEAL>

<PLAN>
- Explore if the **Environmental League** can accept A2 for B2.
- Discuss with **Other Cities** if they can accept E4.
- Confirm with the **Mayor** on C3 and D2.
- Offer minor adjustments to the **Department of Tourism** on A2 and D2.
</PLAN>
=====
Environmental League response: <SCRATCHPAD>
Observations:
1. SportCo seems to prioritize A1 and B1, which I cannot accept.
2. Department of Tourism is flexible on most options but insists on D2.
3. Mayor supports A2, B2, C3, D2, and E4.
4. Local Labour Union supports A2, B2, C3, D2, and E4.
5. Other Cities are flexible but need some compensation.

Plan:
- Accept A2 for ecological balance (B2 is not acceptable).
- Negotiate with SportCo for A3 or B3.
- Work with Mayor and Local Labour Union to get C3.
- Compromise with Other Cities on E4.

Calculations:
- Highest score: A3 + B3 + C3 + D2 + E4 = 45 + 55 + 50 + 50 + 50 = 200 (max 100, so adjust).
- Adjusted: A3 + B3 + C3 + D2 + E4 = 45 + 55 + 50 + 50 + 50 = 200 (max 100).

Final Deal: <DEAL>A3, B3, C3, D2, E4</DEAL>

<ANSWER>
<DEAL>A3, B3, C3, D2, E4</DEAL>

<PLAN>
- Explore A3 with SportCo.
- Confirm C3 with Mayor and Local Labour Union.
- Discuss E4 with Other Cities.
- Finalize with Department of Tourism on D2.
</PLAN>
=====
Other cities response: <SCRATCHPAD>
1) Analyzing Others' Preferences:
   - SportCo prefers A1, B1, C3, D1, E5 (60 + 0 + 6 + 13 + 0 = 79)
   - Department of Tourism prefers A2, B2, C4, D2, E3 (0 + 8 + 0 + 13 + 45 = 66)
   - Mayor prefers A2, B2, C3, D2, E4 (0 + 8 + 6 + 13 + 45 = 76)
   - Local Labour Union prefers A2, B2, C3, D2, E4 (0 + 8 + 6 + 13 + 45 = 76)
   - Environmental League prefers A3, B3, C3, D2, E4 (0 + 0 + 6 + 13 + 45 = 64)

2) My Priorities:
   - E1: 60 (highest)
   - D1: 0 (lowest)
   - C1: 12
   - A3: 10
   - B1: 0

3) Potential Deals:
   - E1, D1, C1, A2, B1 (60 + 0 + 12 + 4 + 0 = 76)
   - E4, D2, C3, A2, B2 (60 + 13 + 6 + 4 + 0 = 83)

4) Highest Score Above Minimum Threshold (31):
   - E4, D2, C3, A2, B2 (83)

</SCRATCHPAD>

<ANSWER>
<DEAL>E4, D2, C3, A2, B2</DEAL>

<PLAN>
- Explore if the Environmental League can accept A2 for B2.
- Discuss with Other Cities if they can accept E4.
- Confirm with the Mayor on C3 and D2.
- Offer minor adjustments to the Department of Tourism on A2 and D2.
- Ensure the Local Labour Union agrees with C3.
</PLAN>
=====
Department of Tourism response: <SCRATCHPAD>
- The Environmental League prefers A3 and B3, but they seem flexible on B2 if it means a better ecological impact.
- The Local Labour Union is strongly in favor of C3.
- Other Cities are open to E4 but need more convincing.
- The Mayor seems to support D2 and C3.
- SportCo is trying to get A1 and B1, but may be willing to compromise on A2 for B1.
- The Department of Tourism wants D2, B2, and E3.

Observations:
- A2 is a middle ground that could be accepted by most parties.
- B2 is preferred by the Environmental League, but they might accept A2 for it.
- C3 is crucial for the Local Labour Union.
- E4 is acceptable to Other Cities but needs negotiation.
- D2 is the best loan option for the Department of Tourism.

Calculations:
- If we can get A2, B2, C3, D2, and E4, the score would be 73, which is above the threshold of 65.

Plan:
- Propose A2, B2, C3, D2, E4 to try to reach a score of 73.
- Offer minor concessions to the Local Labour Union and Other Cities if needed.
</SCRATCHPAD>

<ANSWER>
<DEAL>A2, B2, C3, D2, E4</DEAL>

<PLAN>
- Offer C2 to the Local Labour Union to get their support.
- Discuss with Other Cities about accepting E4 in exchange for additional benefits.
- Confirm with the Mayor on finalizing the deal.
</PLAN>
=====
Environmental League response: <SCRATCHPAD>
- Mayor's deal: A2, B2, C3, D2, E4
- SportCo's deal: A1, B1, C3, D2, E5
- Local Labour Union's deal: A2, B2, C3, D2, E4
- Environmental League's deal: A3, B3, C3, D2, E4
- Other Cities' deal: E4, D2, C3, A2, B2
- Department of Tourism's deal: A2, B2, C3, D2, E4

Observations:
1. Most parties are leaning towards A2, B2, C3, D2, and E4.
2. SportCo wants to avoid A3 and B3.
3. Local Labour Union supports C3.
4. Other Cities are flexible on E4.

Plan:
- Try to secure A3 and B3 with SportCo.
- Confirm C3 with Mayor and Local Labour Union.
- Discuss E4 with Other Cities.
- Finalize with Department of Tourism on D2.
</SCRATCHPAD>

<ANSWER>
<DEAL>A3, B3, C3, D2, E4</DEAL>

<PLAN>
- Explore A3 with SportCo.
- Confirm C3 with Mayor and Local Labour Union.
- Discuss E4 with Other Cities.
- Finalize with Department of Tourism on D2.
</PLAN>
=====
SportCo response: <SCRATCHPAD>
- Local Labour Union prefers C3 and D2.
- Environmental League prefers A3, B3, and C3.
- Other Cities prefer E4.
- Department of Tourism prefers A2, B2, and C3.
- Mayor supports C3 and D2.

Observations:
- Local Labour Union is flexible on A2 vs A3 and B1 vs B2.
- Environmental League is flexible on A3 vs A2 and B1 vs B2.
- Other Cities are flexible on E3 vs E4.
- Department of Tourism is flexible on A2 vs A1 and D2 vs D1.

Deals' calculations:
- Current deal: A3, B3, C3, D2, E4 = 14 + 0 + 17 + 29 + 10 = 70
- Potential improvements:
  - Switching A3 to A2: 14 + 11 = +7
  - Switching B3 to B1: 11 + 7 = +4
  - Switching E4 to E3: 10 + 15 = +5

Maximum achievable score: 70 + 7 + 4 + 5 = 86

Final deal: A2, B1, C3, D2, E3
</SCRATCHPAD>

<ANSWER>
<DEAL>A2, B1, C3, D2, E3</DEAL>

<PLAN>
- Explore A2 with Environmental League for B1.
- Confirm C3 with Local Labour Union and Mayor.
- Discuss E3 with Other Cities.
- Finalize with Department of Tourism on D2.
</PLAN>
You seem to be using the pipelines sequentially on GPU. In order to maximize efficiency please use a dataset
=====
Other cities response: <SCRATCHPAD>
- Environmental League prefers A3 and B3.
- Other Cities prefer E4.
- Mayor and Local Labour Union support C3.
- Department of Tourism supports D2.
- SportCo suggests A2 and B1.

To balance everyone's interests:
- Environmental League might be willing to compromise on B2 if A2 is agreed upon.
- Other Cities are flexible with E4, but may consider E3 with additional benefits.
- Mayor and Local Labour Union are set on C3.
- Department of Tourism is okay with D2.
- SportCo might be willing to adjust B1 to B2 for A2.

Proposed deal:
- A2 (10)
- B2 (0)
- C3 (12)
- D2 (13)
- E4 (45)

Total score: 70

This deal meets the minimum threshold and balances the interests of all parties.
</SCRATCHPAD>

<ANSWER>
<DEAL>A2, B2, C3, D2, E4</DEAL>

<PLAN>
- Explore if the Environmental League is willing to accept A2 in exchange for B2.
- Discuss with Other Cities if they can accept E4 or E3 with additional benefits.
- Confirm with the Mayor and Local Labour Union on C3.
- Offer minor adjustments to the Department of Tourism on D2.
- Ensure all parties are satisfied with the deal.
</PLAN>
=====
Local Labour Union response: <SCRATCHPAD>
- Environmental League prefers A3, B3, C3, D2, E4 (92)
- Other Cities prefer E4, D2, C3, A2, B2 (87)
- Department of Tourism prefers A2, B2, C3, D2, E4 (87)
- SportCo prefers A2, B1, C3, D2, E3 (77)
- Local Labour Union prefers C1, D1, A1, A2, B1 (87)

To reach an agreement, I need to find a balance that meets my minimum score of 50 and considers others' preferences. Let's explore the following options:
- A2 (20) - Creates more jobs and aligns with Local Labour Union's preference.
- B2 (0) - Balances ecological impact without severe restrictions.
- C3 (25) - Maintains a fair balance with the Local Labour Union.
- D2 (20) - Provides substantial funding from the Department of Tourism.
- E3 (6) - Offers a moderate compensation to Other Cities.

Total score: 20 + 0 + 25 + 20 + 6 = 71

This deal meets my minimum score and accommodates the preferences of all parties involved.

</SCRATCHPAD>

<ANSWER>
<DEAL>A2, B2, C3, D2, E3</DEAL>

<PLAN>
- Explore A2 with Environmental League for B2.
- Discuss with Other Cities if they can accept E3.
- Confirm with the Mayor on C3 and D2.
- Offer minor adjustments to the Department of Tourism on D2.
</PLAN>
=====
Mayor response: <SCRATCHPAD>
1) Environmental League prefers B3 (12) over B1 (12) and B2 (8), but may be flexible with A2 (8) in exchange for B2 (8).
2) Local Labour Union supports C3 (24) strongly.
3) Other Cities prefer E4 (7) over E3 (4), E2 (2), and E1 (0).
4) Department of Tourism supports D2 (30).

Given these preferences, let's propose a balanced deal:
- A2 (8) for infrastructure mix.
- B2 (8) for ecological impact.
- C3 (24) for employment rules.
- D2 (30) for federal loan.
- E4 (7) for compensation to other cities.

Total score: 8 + 8 + 24 + 30 + 7 = 77

This score meets the minimum threshold of 30 and aims to balance all parties' interests.

</SCRATCHPAD>

<ANSWER>
<DEAL>A2, B2, C3, D2, E4</DEAL>

<PLAN>
- Explore if the Environmental League can accept A2 in exchange for B2.
- Confirm with Local Labour Union on C3.
- Discuss with Other Cities if they can accept E4.
- Secure Mayor's approval for D2.
</PLAN>
=====
Other cities response: <SCRATCHPAD>
- The Environmental League prefers A3, B3, and E4.
- The Department of Tourism supports D2.
- The Local Labour Union prefers C3.
- The Mayor supports C3 and D2.
- Other Cities prefer E4 or E3 with possible additional benefits.

Proposed deal: A2, B2, C3, D2, E4

Score calculation:
A2 (4) + B2 (0) + C3 (6) + D2 (8) + E4 (45) = 63

This deal meets the minimum score requirement and aligns with the Department of Tourism's support for D2 and the Mayor's and Local Labour Union's support for C3 and D2. It also provides significant compensation to Other Cities, which is our top priority.

</SCRATCHPAD>

<ANSWER>
<DEAL>A2, B2, C3, D2, E4</DEAL>

<PLAN>
- Explore A2 with the Environmental League for B2.
- Discuss E4 with Other Cities.
- Confirm with the Mayor and Local Labour Union on C3.
- Offer minor adjustments to the Department of Tourism on D2.
</PLAN>
=====
Environmental League response: <SCRATCHPAD>
- Observations:
  - SportCo prefers A2 and B1.
  - Other cities prefer A2 and B2.
  - Local Labour Union and Mayor prefer C3.
  - Department of Tourism is flexible on D2.
  - Environmental League needs at least B2 and A3 to meet its score requirement.
  
- Deals' Calculations:
  - Current best deal (B2, A3, C3, D2, E4): 80
  - Adding B3 to A3: 75 (still below threshold of 55)
  - Adding B1 to A3: 65 (below threshold)

- Plan:
  - Stick to B2 and A3 to meet the score requirement.
  - Try to get some concessions from SportCo on E4 or D2 to improve the overall deal.
</SCRATCHPAD>

<ANSWER>
<DEAL>A3, B2, C3, D2, E4</DEAL>

<PLAN>
- Explore if SportCo is willing to increase the compensation to E4.
- Consider a slight reduction in D2 amount if needed.
</PLAN>
=====
Department of Tourism response: <SCRATCHPAD>
- **Observations**: 
  - Environmental League is moving towards A3 which is more restrictive.
  - Local Labour Union and Mayor seem flexible with C3.
  - Other Cities are sticking to E4.
  - Department of Tourism is committed to D2.
  
- **Deals' Calculations**:
  - Current best deal: A3, B2, C3, D2, E4 (score: 78)
  - My score: 26 (D2)
  - Highest possible score: 100

- **Plan**:
  - Try to push for A2 to get closer to my preferred score.
  - Compromise slightly on E4 for a better overall deal.
  - Ensure the deal stays above 65.
</SCRATCHPAD>

<ANSWER>
<DEAL>A2, B2, C3, D2, E3</DEAL>
</ANSWER>

<PLAN>
- Explore A2 with Environmental League for B2.
- Discuss with Other Cities about accepting E3.
- Confirm with Mayor and Local Labour Union on C3 and D2.
</PLAN>
=====
SportCo response: <SCRATCHPAD>
Observations:
- Environmental League prefers A3, B2, C3, D2, E4.
- Local Labour Union prefers C3.
- Mayor prefers C3, D2, E4.
- Other Cities prefer E4.
- Department of Tourism prefers D2, E3.

Strategies:
- Try to align with Department of Tourism on D2.
- Explore A2 with Environmental League for B2.
- Confirm C3 with Local Labour Union and Mayor.
- Discuss E3 with Other Cities.

Calculation:
- Current deal (A3, B2, C3, D2, E4): 88
- Potential deal (A2, B2, C3, D2, E3): 87

The potential deal is slightly lower but still above the minimum threshold of 55.

Final deal suggestion: <DEAL>A2, B2, C3, D2, E3</DEAL>
</SCRATCHPAD>

<ANSWER>
<DEAL>A2, B2, C3, D2, E3</DEAL>
</ANSWER>

<PLAN>
- Confirm A2 with Environmental League for B1.
- Finalize with Local Labour Union and Mayor on C3.
- Secure E3 with Other Cities.
- Finalize with Department of Tourism on D2.
</PLAN>
=====
Local Labour Union response: <SCRATCHPAD>
1) Environmental League: Likely to prefer A3 over A2 due to environmental concerns. They may accept B2.
2) Other Cities: Prefer E4, but may be flexible if the compensation increases to E3.
3) Mayor: Confirmed on C3 and D2.
4) Department of Tourism: May be open to increasing the loan amount slightly to D2.
5) SportCo: Likely to stick with the proposed deal.

Given the scores and the history, the best balanced deal is:
A2, B2, C3, D2, E3

Total score: 42 + 0 + 25 + 20 + 6 = 93

This meets the minimum score requirement and accommodates the preferences of most parties.
</SCRATCHPAD>

<ANSWER>
DEAL A2, B2, C3, D2, E3
</ANSWER>

<PLAN>
- Explore A3 with Environmental League for B3.
- Confirm with Other Cities if they can accept E3.
- Offer minor adjustments to the Department of Tourism on D2.
- Reiterate the benefits of the deal to all parties.
</PLAN>
=====
Mayor response: <SCRATCHPAD>
- Environmental League prefers B2 over B3 and B1. They may accept A2 in exchange for B2.
- Local Labour Union supports C3.
- Other Cities prefer E4, but may consider E3.
- Department of Tourism supports D2.
- Mayor supports D2 and prefers A2 over A3 and B1 over B3.

Given the scores:
- Mayor: A2 (14), B2 (12), C3 (12), D2 (30), E4 (7)
- Environmental League: A3 (0), B2 (12), C3 (0), D2 (0), B3 (0)
- Local Labour Union: A2 (14), B2 (8), C3 (24), D2 (0), E4 (0)
- Other Cities: A2 (14), B2 (8), C3 (0), D2 (0), E3 (4)
- Department of Tourism: A2 (14), B2 (8), C3 (0), D2 (30), E3 (23)

Proposed deal: A2, B2, C3, D2, E3

Total score: 14 + 12 + 12 + 30 + 23 = 91

This deal meets the Mayor's minimum threshold of 30 and balances the preferences of all parties.

</SCRATCHPAD>

<ANSWER>
<DEAL>A2, B2, C3, D2, E3</DEAL>

<PLAN>
- Explore if the Environmental League is willing to accept A2 in exchange for B2.
- Confirm with Local Labour Union on C3.
- Discuss with Other Cities if they can accept E3.
- Secure Mayor's approval for D2.
</PLAN>
=====
Other cities response: <SCRATCHPAD>
- **Environmental League**: Prefers A3, B2, C3, D2, E4. They might be willing to accept A2 in exchange for B2.
- **Department of Tourism**: Prefers A2, B2, C3, D2, E3. They are flexible on D2.
- **SportCo**: Prefers A2, B2, C3, D2, E3.
- **Local Labour Union**: Prefers A2, B2, C3, D2, E3.
- **Mayor**: Prefers A2, B2, C3, D2, E3.

**My Preferences**: E4 (60), D2 (13), C3 (6), A2 (4), B2 (0)

Given the history, the Environmental League seems open to A2 in exchange for B2. This could help us reach a score above 31. We need to balance our preferences with theirs.

- **Option A2**: Infrastructure mix is acceptable.
- **Option B2**: Ecological impact is acceptable.
- **Option C3**: Employment rules are acceptable.
- **Option D2**: Federal loan is acceptable.
- **Option E4**: Compensation is close to my ideal.

Considering the minimum score requirement, we can propose a deal that slightly adjusts the compensation to meet the minimum score of 31.

<ANSWER>
<DEAL>A2, B2, C3, D2, E4</DEAL>
=====
Mayor response: <SCRATCHPAD>
- Environmental League prefers B3 (12) over B2 (8), and may be willing to accept A2 (8) in exchange.
- Local Labour Union confirmed on C3 (12).
- Other Cities seem flexible with E3 (4) to E4 (7).
- Mayor's preference is D2 (30).

Considering the above, a balanced deal could be:
A2 (8) + B2 (8) + C3 (12) + D2 (30) + E3 (4) = 62

However, we need to meet the minimum score of 30 and ensure all parties agree. Let's explore:
- Environmental League might accept A2 (8) for B2 (8).
- Other Cities can accept E3 (4).

Proposed deal:
A2 (8) + B2 (8) + C3 (12) + D2 (30) + E3 (4) = 62

This seems balanced and meets the minimum score requirement.

</SCRATCHPAD>

<ANSWER>
<DEAL>A2, B2, C3, D2, E3</DEAL>
=====
Local Labour Union response: <SCRATCHPAD>
- **Environmental League**: Likely to prefer B3, but may compromise on A2 for B2.
- **Other Cities**: Prefer higher compensation, but E3 is acceptable.
- **Department of Tourism**: Likely to stick with D2.
- **Mayor**: Likely to support D2 and may have slight flexibility on E.

Given my preferences and the current deal, I need to adjust to meet the minimum score of 50. Here’s a balanced approach:

- **A2** (20): Creates more jobs.
- **B2** (0): Maintains ecological balance.
- **C3** (25): 1:1 union quota.
- **D2** (20): $2 billion loan.
- **E3** (6): $300 million compensation.

Total score: 20 + 0 + 25 + 20 + 6 = 71

This deal meets the minimum score and balances the needs of all parties.

</SCRATCHPAD>

<ANSWER>
<DEAL>A2, B2, C3, D2, E3</DEAL>
=====
Department of Tourism response: <SCRATCHPAD>
Observations:
1. The Environmental League is flexible on A2 and willing to trade for B2.
2. Other Cities are close to agreeing on E3 but need a slight adjustment.
3. Mayor and Local Labour Union are firm on C3 and D2.

Calculations:
- Current deal: A2, B2, C3, D2, E4 (score = 71)
- Adjusting E4 to E3 increases the score to 86 (meets my minimum threshold).

Plan:
1. Propose E3 to Other Cities to gain their agreement.
2. Offer B2 to Environmental League to secure their support.
3. Confirm with Mayor and Local Labour Union on C3 and D2.

</SCRATCHPAD>
<ANSWER>
DEAL A2, B2, C3, D2, E3</ANSWER>
=====
SportCo response: <SCRATCHPAD>
- Local Labour Union, Mayor, and Department of Tourism are aligned on the deal A2, B2, C3, D2, E3.
- Other Cities are slightly flexible, proposing E4 instead of E3.
- Environmental League is not aligned with the proposed deal, especially on B2, as they prefer B1.
- My deal preferences: A1, B1, C4, D1, E5. Highest score is 100, minimum acceptable is 55.
- Current deal score: 86 (A2, B2, C3, D2, E3)
- Potential improvements: 
  - Change A2 to A1 (+6)
  - Change B2 to B1 (+4)
  - Change E3 to E4 (+1)
  - Change D2 to D1 (+14)
- Total potential improvement: +25
- Need to secure at least 3 more points to reach 100.

Observations:
- Environmental League might be willing to trade B2 for A2 if it aligns better with their goals.
- Other Cities are slightly flexible on E3 vs E4.
- Need to secure a unanimous agreement or at least 5 parties to pass the deal.

Calculation:
Current score: 86
Needed: 14 more points
Options:
- Trade A2 for A1 (gain 6 points, need 8 more)
- Trade B2 for B1 (gain 4 points, need 10 more)
- Trade E3 for E4 (gain 1 point, need 13 more)
- Trade D2 for D1 (gain 14 points, enough)

Best strategy: Trade D2 for D1, and try to secure E4 from Other Cities.

</SCRATCHPAD>

<ANSWER>
DEAL A1, B1, C3, D1, E4

</ANSWER>

<PLAN>
- Propose D1 to Department of Tourism.
- Offer E4 to Other Cities in exchange for their support.
- Emphasize the environmental benefits of B1 to Environmental League.
- Highlight the economic benefits of D1 to Mayor and Local Labour Union.
- Finalize with Department of Tourism and ensure Other Cities' support.
</PLAN>
=====
Environmental League response: <SCRATCHPAD>
Observations:
1. The current deal proposed by Mayor, Local Labour Union, and Department of Tourism is A2, B2, C3, D2, E3.
2. SportCo has not agreed to this deal, suggesting they need more compensation or less restriction on infrastructure.
3. The Local Labour Union and Department of Tourism seem flexible with the compensation (E3).

Plan:
1. Propose a deal that includes A2 and B2 to align with the Mayor, Local Labour Union, and Department of Tourism.
2. Increase the compensation to E4 to try and secure SportCo’s agreement.
3. Keep C3 and D2 as they are acceptable to all parties.

Calculation:
- A2 (22) + B2 (25) + C3 (0) + D2 (0) + E4 (0) = 47 (below threshold)

Adjustment:
- Increase E4 to E3 (30) to reach the threshold.
- New deal: A2, B2, C3, D2, E3 (47 -> 55)

Final deal: <DEAL>A2, B2, C3, D2, E3</DEAL>
</SCRATCHPAD>

<ANSWER>
<DEAL>A2, B2, C3, D2, E3</DEAL>
 ==== Deal Suggestions ==== 
=====
SportCo response: <SCRATCHPAD>
Observations:
- Department of Tourism prefers D2 ($2B) over D1 ($3B).
- Local Labour Union and Other Cities prefer E3 ($300M) over E4 ($150M).
- Mayor and Environmental League both support the same deal as Other Cities.
- My initial offer (A1, B1, C3, D1, E4) scores 88, which is above my minimum threshold of 55.
- Department of Tourism, Local Labour Union, and Other Cities have agreed on A2, B2, C3, D2, E3, scoring 76.

Strategic Plan:
- Since the current deal (A2, B2, C3, D2, E3) is supported by the majority, I need to either align with this deal or slightly adjust to reach a higher score.
- Adjusting to A2, B2, C3, D1, E3 would yield a score of 89, which is higher than my initial offer and acceptable.
- Suggest this deal to see if I can gain support from the Department of Tourism.

Calculations:
- Initial offer (A1, B1, C3, D1, E4): 88
- Current deal (A2, B2, C3, D2, E3): 76
- Proposed deal (A2, B2, C3, D1, E3): 89

Plan:
Propose A2, B2, C3, D1, E3 to see if Department of Tourism will support it.
</SCRATCHPAD>

<ANSWER>
DEAL A2, B2, C3, D1, E3</ANSWER>
