Loading checkpoint shards:   0%|          | 0/4 [00:00<?, ?it/s]Loading checkpoint shards:  25%|██▌       | 1/4 [00:00<00:02,  1.03it/s]Loading checkpoint shards:  50%|█████     | 2/4 [00:01<00:01,  1.04it/s]Loading checkpoint shards:  75%|███████▌  | 3/4 [00:02<00:00,  1.11it/s]Loading checkpoint shards: 100%|██████████| 4/4 [00:03<00:00,  1.18it/s]Loading checkpoint shards: 100%|██████████| 4/4 [00:03<00:00,  1.13it/s]
Device set to use cuda:0
=====
SportCo response: <DEAL>A1, B1, C4, D1, E5</DEAL>

I believe this deal offers the best combination for our mutual benefit, especially with the federal loan at $3 billion and no compensation to other cities. Let’s discuss how we can ensure it meets everyone's needs while moving forward with the Harbour Sport Park project.
=====
Other cities response: <SCRATCHPAD>
1) SportCo prefers A1, B1, C4, D1, E5 (60 + 0 + 0 + 18 + 0 = 78)
2) Environmental League prefers A2, B3, C1, D2, E2 (0 + 0 + 12 + 8 + 45 = 65)
3) Local Labour Union prefers A3, B2, C2, D2, E2 (0 + 0 + 8 + 8 + 45 = 61)
4) Department of Tourism prefers A3, B2, C2, D1, E2 (0 + 0 + 8 + 13 + 45 = 66)
5) Other Cities prefers A3, B2, C2, D2, E1 (0 + 0 + 8 + 8 + 60 = 76)

Considering the scores, I aim for a deal that meets my minimum threshold of 31 and balances the interests of all parties. Here's a proposal:

A3, B2, C2, D2, E1 (0 + 0 + 8 + 8 + 60 = 76)

This proposal includes:
- Infrastructure Mix: A3 (Land-based)
- Ecological Impact: B2 (Maintain balance)
- Employment Rules: C2 (Union quota of 2:1)
- Federal Loan: D2 ($2 billion)
- Compensation: E1 ($600 million)

This proposal aims to secure a high score while respecting the minimum threshold and balancing the interests of all parties.

</SCRATCHPAD>

<ANSWER>
<DEAL>A3, B2, C2, D2, E1</DEAL>

<PLAN>
- Explore if SportCo can offer a slightly reduced federal loan (D2 to D3) to increase the compensation further.
- Consider if the Local Labour Union could accept a slightly lower union preference (C2 to C3) to reduce costs for SportCo.
- Investigate if the Environmental League might accept a less restrictive infrastructure mix (A3 to A2) to gain more support for ecological measures (B2).
</PLAN>
=====
SportCo response: <SCRATCHPAD>
- **Observations**: 
  - "Other Cities" are heavily pushing for compensation (E1) and land-based infrastructure (A3).
  - "Environmental League" wants balanced ecological measures (B2) and some flexibility in infrastructure (A2).
  - "Local Labour Union" prefers union quotas (C2 or C3).

- **Calculations**:
  - Current deal: A1, B1, C4, D1, E5 = 100
  - Possible adjustments:
    - Reducing D1 to D3 (D2 or D3) to $2 billion or $1 billion.
    - Adjusting C4 to C3 (1:1 ratio) to slightly increase costs.
    - Exploring A1 to A2 (water/land-based) to gain some flexibility.

- **Best Options**:
  - Aim for D3 ($1 billion) to reduce costs significantly.
  - Consider C3 (1:1 ratio) to slightly increase costs.
  - Explore A2 (water/land-based) for some flexibility.

- **Unanimity Bonus**: Need to check if all parties can agree on these changes.
</SCRATCHPAD>

<ANSWER>
<DEAL>A2, B1, C3, D3, E5</DEAL>

<PLAN>
- Explore if "Other Cities" can accept $300 million compensation (E3) instead of $600 million.
- Consider if "Environmental League" can support A2 for additional ecological measures.
- Check if "Local Labour Union" can accept C3 instead of C2.
</PLAN>
=====
Department of Tourism response: <SCRATCHPAD>
- **Observations**: 
  - SportCo is flexible on D2 vs D3, E3 vs E5, and C2 vs C3.
  - "Other Cities" are inflexible on E1 and open to E3.
  - "Environmental League" is flexible on A2 vs A3, B2 vs B3.
  - "Local Labour Union" is flexible on C2 vs C3.

- **Calculations**:
  - Current best deal: A2, B1, C3, D3, E5 (score 77)
  - Exploring D2 and E3 could push score to 86 (A2, B1, C3, D2, E3).

- **Plan**:
  - Offer D2 and E3 to reach score 86.
  - Counter "Local Labour Union" flexibility to get C3.
  - Suggest "Environmental League" supports A2 for ecological measures.
</SCRATCHPAD>

<ANSWER>
<DEAL>A2, B1, C3, D2, E3</DEAL>

<PLAN>
- Propose D2 and E3 to increase score to 86.
- Negotiate with "Local Labour Union" for C3.
- Encourage "Environmental League" to support A2 for ecological benefits.
</PLAN>
=====
Local Labour Union response: <SCRATCHPAD>
- **SportCo**: A2 (20), B1 (0), C3 (25), D3 (10), E5 (0) = 55
- **Other Cities**: A3 (0), B2 (0), C2 (35), D2 (20), E1 (60) = 117
- **Department of Tourism**: A2 (20), B1 (0), C3 (25), D2 (20), E3 (30) = 95

**Analysis**:
- **SportCo** is most concerned with employment rules and federal loan.
- **Other Cities** want higher compensation and some job security.
- **Department of Tourism** supports a middle ground on all issues.

**Proposed Deal**:
- **A2 (20)**: Water/land-based, creating more jobs.
- **B1 (0)**: Maintain balance, acceptable to all.
- **C3 (25)**: Union quota of 1:1, balancing needs.
- **D2 (20)**: $2 billion loan, acceptable.
- **E3 (30)**: $300 million compensation, balanced.

Total Score: 95

</SCRATCHPAD>

<ANSWER>
<DEAL>A2, B1, C3, D2, E3</DEAL>

<PLAN>
- Explore if **SportCo** can accept a slight increase in compensation to $450 million (E2).
- Consider if **Other Cities** can accept $300 million (E3) with some flexibility in job distribution.
- Negotiate with **Department of Tourism** for minor adjustments to ensure full support.
</PLAN>
=====
Environmental League response: <SCRATCHPAD>
- **Observations**: 
  - SportCo prefers A2, B1, C3, D3, E5.
  - "Other Cities" prefer A3, B2, C2, D2, E1.
  - Department of Tourism prefers A2, B1, C3, D2, E3.
  - Local Labour Union prefers A2, B1, C3, D2, E3.
  - "Environmental League" is very strict on A3 and B3.

- **Calculations**:
  - Current Best Deal: A2, B1, C3, D2, E3 = 75
  - My Minimum Score: 55

- **Plan**:
  - Try to get A3 for B3.
  - Explore compromising on C3 to C2.
  - Negotiate E3 to E4 to lower cost.

</SCRATCHPAD>

<ANSWER>
<DEAL>A3, B3, C2, D2, E4</DEAL>

<PLAN>
- Discuss with "Other Cities" for a reduced compensation to $300 million (E4).
- Explore if Local Labour Union can accept C2 instead of C3.
- Confirm with Department of Tourism if A3 and B3 are acceptable.
</PLAN>
=====
Mayor response: <SCRATCHPAD>
- **SportCo**: A2, B1, C3, D3, E5 (89)
- **Other Cities**: A3, B2, C2, D2, E1 (85)
- **Department of Tourism**: A2, B1, C3, D2, E3 (86)
- **Local Labour Union**: A2, B1, C3, D2, E3 (86)
- **Environmental League**: A3, B3, C2, D2, E4 (80)

Current deal: A2, B1, C3, D2, E3 (86)

- **SportCo** prefers D1 (40), but D2 (30) is accepted.
- **Other Cities** prefer E1 (0), but E3 (4) is accepted.
- **Local Labour Union** prefers C1 (24), but C3 (12) is accepted.
- **Environmental League** prefers B3 (0), but B1 (12) is accepted.

Balancing all preferences, a deal with A2 (14), B1 (12), C3 (12), D2 (30), and E3 (4) gives a score of 86. This is close to the minimum threshold and accommodates most parties' preferences.

</SCRATCHPAD>

<ANSWER>
<DEAL>A2, B1, C3, D2, E3</DEAL>

<PLAN>
- Explore if **Other Cities** can accept $300 million compensation (E3) instead of $450 million.
- Consider if **Local Labour Union** can accept C2 instead of C3.
- Negotiate with **Environmental League** for B2 instead of B3.
</PLAN>
=====
Department of Tourism response: <SCRATCHPAD>
- Observations:
  - Current deal (A2, B1, C3, D2, E3) scores 86.
  - "Local Labour Union" is flexible on C3.
  - "Environmental League" prefers A3 and B3.
  - "Other Cities" might accept E3.
  - Mayor supports the current deal.

- Calculations:
  - Increasing to D1 (D3 + 20) would exceed 95, but risks rejection.
  - Accepting E4 (E3 - 3) would drop to 83.
  - B3 (B2 + 5) would increase score to 91 but may face resistance.

- Plan:
  - Suggest D2 and E3 to keep score at 86.
  - Encourage "Local Labour Union" to accept C3.
  - Confirm with "Environmental League" on A2 and B1.
  - Propose E3 to "Other Cities" for their support.
</SCRATCHPAD>

<ANSWER>
<DEAL>A2, B1, C3, D2, E3</DEAL>

<PLAN>
- Confirm "Local Labour Union" accepts C3.
- Confirm "Environmental League" supports A2 and B1.
- Ensure "Other Cities" agree to E3.
</PLAN>
=====
SportCo response: <SCRATCHPAD>
Observations:
- Department of Tourism, Local Labour Union, and Mayor all seem aligned with the current deal (A2, B1, C3, D2, E3).
- Environmental League prefers A3, B3, and C2, which would lower our score significantly.
- "Other Cities" are flexible about the compensation amount, but they need something substantial.

Strategies:
- Try to keep the current deal structure (A2, B1, C3, D2, E3) as it already scores 86.
- Offer minor adjustments to "Other Cities" to get E3 accepted.
- Maintain flexibility on A2 to avoid losing too many points to Environmental League.

Calculation:
- Current deal: 86
- Potential gain by moving to E3: +2 = 88

Plan:
- Suggest E3 to "Other Cities" and emphasize the benefits of the current deal.
- Reinforce alignment with Department of Tourism, Local Labour Union, and Mayor.
- Offer minor concessions to Environmental League if necessary to secure their support.

</SCRATCHPAD>

<ANSWER>
<DEAL>A2, B1, C3, D2, E3</DEAL>

</ANSWER>

<PLAN>
- Explore if Environmental League can accept A2 with minor ecological measures.
- Offer to include a small environmental improvement clause to get their support.
- Ensure "Other Cities" are fully committed to E3.
</PLAN>
=====
Other cities response: <SCRATCHPAD>
- **Department of Tourism**: Prefers D2, E3. Their score for D2 is 8, E3 is 0.
- **Local Labour Union**: Prefers C3, D2, E3. Their score for C3 is 8, D2 is 8, E3 is 0.
- **Environmental League**: Prefers A3, B3, D2, E4. Their score for A3 is 10, B3 is 0, D2 is 8, E4 is 0.
- **Mayor**: Prefers D2, E3. Their score for D2 is 8, E3 is 0.
- **Other Cities**: Prefers E3, D2. Their score for E3 is 60, D2 is 8.

To meet the minimum score of 31, we need to consider a balanced approach:
- **D2**: 8 (Department of Tourism, Local Labour Union, Mayor)
- **E3**: 60 (Other Cities)

Now, let's look at the remaining issues:
- **A2**: 4 (Department of Tourism, Local Labour Union, Mayor)
- **B1**: 0 (Environmental League, Local Labour Union, Mayor, Other Cities)
- **C3**: 8 (Local Labour Union, Mayor)

Proposing <DEAL>A2, B1, C3, D2, E3</DEAL> gives us a score of 8 + 0 + 8 + 8 + 60 = 84.

This deal meets the minimum score requirement and balances the needs of all parties. Let's see if we can improve this further.

Exploring:
- **SportCo** might be willing to accept a slightly reduced federal loan (D2 to D3) to increase the compensation further.
- **Local Labour Union** could accept a slightly lower union preference (C3 to C2) to reduce costs for SportCo.
- **Environmental League** might accept a less restrictive infrastructure mix (A3 to A2) to gain more support for ecological measures (B2).

If we adjust to <DEAL>A2, B2, C2, D3, E3</DEAL>, the score becomes 4 + 0 + 8 + 13 + 60 = 85.

This seems to be a better balance and closer to our goal. Let's propose this.

</SCRATCHPAD>

<ANSWER>
DEAL A2, B2, C2, D3, E3
</ANSWER>

<PLAN>
- Explore if SportCo can accept a slightly reduced federal loan (D2 to D3) to increase the compensation further.
- Consider if the Local Labour Union could accept a slightly lower union preference (C3 to C2) to reduce costs for SportCo.
- Investigate if the Environmental League might accept a less restrictive infrastructure mix (A3 to A2) to gain more support for ecological measures (B2).
</PLAN>
You seem to be using the pipelines sequentially on GPU. In order to maximize efficiency please use a dataset
=====
Mayor response: <SCRATCHPAD>
- **Local Labour Union**: Prefers C3 (24), but could potentially accept C2 (18).
- **Environmental League**: Prefers B3 (12), but could accept B2 (8).
- **Department of Tourism**: Supports D2 (30).
- **Other Cities**: Prefer E1 (0), but could accept E3 (4).
- **SportCo**: Likely prefers A2 (8), B1 (12), C3 (24), D2 (30), E3 (4).

Given the scores and previous interactions, the best deal to pursue is:
- **A2 (8)**: Moderate restrictions on infrastructure mix.
- **B2 (8)**: Maintain balance to protect the environment.
- **C2 (18)**: Union quota of 2:1.
- **D2 (30)**: $2 billion loan.
- **E3 (4)**: $300 million compensation.

Total score: 8 + 8 + 18 + 30 + 4 = 68

This deal meets the minimum threshold of 30 and balances the interests of all parties involved.

</SCRATCHPAD>

<ANSWER>
<DEAL>A2, B2, C2, D2, E3</DEAL>

<PLAN>
- Explore if **Local Labour Union** can accept C2 instead of C3.
- Confirm with **Environmental League** if B2 is acceptable.
- Ensure **Other Cities** agree to E3.
</PLAN>
=====
Local Labour Union response: <SCRATCHPAD>
- **Environmental League**: Likely prefers B3 for maximum ecological benefit, but may accept B2.
- **Local Labour Union**: Prefers C1 for maximum union preference, but can consider C2 or C3.
- **Department of Tourism**: Prefers D1 for maximum financial support, but may accept D2.
- **SportCo**: Likely prefers A2 for maximum flexibility in infrastructure mix, but can accept A3.
- **Other Cities**: Prefers E1 for maximum compensation, but may accept E3 or E4.

Given the history and previous plans, the following deal seems balanced:
- **A2 (20)**: Flexibility in infrastructure mix.
- **B2 (0)**: Balance ecological impact.
- **C2 (35)**: 2:1 union preference.
- **D2 (20)**: Moderate federal loan.
- **E3 (6)**: Moderate compensation to other cities.

Total Score: 20 + 0 + 35 + 20 + 6 = 81

This score meets my minimum threshold of 50 and is likely acceptable to other parties based on their previous preferences and offers.
</SCRATCHPAD>

<ANSWER>
<DEAL>A2, B2, C2, D2, E3</DEAL>
</ANSWER>

<PLAN>
- Explore if SportCo can accept a slight increase in compensation to $450 million (E2).
- Consider if Other Cities can accept $300 million (E3) with some flexibility in job distribution.
- Negotiate with Department of Tourism for minor adjustments to ensure full support.
</PLAN>
=====
Environmental League response: <SCRATCHPAD>
- Mayor: A2, B2, C2, D2, E3
- Department of Tourism: A2, B1, C3, D2, E3
- SportCo: A2, B1, C3, D2, E3
- Other Cities: A2, B2, C2, D3, E3
- Local Labour Union: A2, B2, C2, D2, E3

Observations:
1. All parties seem to agree on A2, D2, and E3.
2. Major disagreements are on B and C.
3. "Other Cities" are flexible on E, which could be leveraged.

Plan:
- Suggest B2 to "Environmental League" to reduce ecological impact.
- Offer C2 to "Local Labour Union" to gain their support.
- Confirm D2 with Department of Tourism.
- Propose E4 to "Other Cities" for reduced compensation.
</SCRATCHPAD>

<ANSWER>
<DEAL>A2, B2, C2, D2, E4</DEAL>

<PLAN>
- Confirm B2 with "Environmental League".
- Confirm C2 with "Local Labour Union".
- Confirm D2 with Department of Tourism.
- Confirm E4 with "Other Cities".
</PLAN>
=====
SportCo response: <SCRATCHPAD>
Observations:
1. The Department of Tourism is committed to D2 ($2 billion).
2. The Environmental League is moving towards B2 ("Maintain balance") but open to minor improvements.
3. The Local Labour Union prefers C2 (2:1 quota) over C3 (1:1).
4. Other Cities are flexible on E, moving from E3 to E4.

Plan:
- Secure B2 with minor ecological measures to align with Environmental League.
- Offer C2 to Local Labour Union to get their support.
- Accept E4 from Other Cities to finalize the deal.
- Propose A2 to keep flexibility on infrastructure mix.

Calculations:
- D2: 29
- B2: 7
- C2: 5
- E4: 15
- A2: 8

Total: 65 (not meeting the 55 threshold, need to adjust).

Adjusted Plan:
- Propose a small environmental improvement clause to Environmental League to get B2.
- Ensure C2 with Local Labour Union.
- Accept E4 from Other Cities.
- Keep A2 for flexibility.

Final Deal: A2, B2, C2, D2, E4
Total Score: 67

</SCRATCHPAD>

<ANSWER>
<DEAL>A2, B2, C2, D2, E4</DEAL>

<PLAN>
- Explore a minor environmental improvement clause with the Environmental League.
- Confirm C2 with the Local Labour Union.
- Ensure E4 with Other Cities remains agreed.
- Keep A2 flexible.
</PLAN>
=====
Local Labour Union response: <SCRATCHPAD>
- **Environmental League**: Prefers B2, C2, D2, E4.
- **Local Labour Union**: Prefers C2, D2, E3.
- **Other Cities**: Prefers E3.
- **Mayor**: Prefers C2, D2, E3.
- **SportCo & Department of Tourism**: Prefers D2, E4.

To reach an agreement, I need to balance the scores and accommodate the preferences of all parties. Here’s the breakdown:
- **C2 (35)**: 35 points.
- **D2 (20)**: 20 points.
- **E3 (6)**: 6 points.
- **A2 (20)**: 20 points.
- **B2 (0)**: 0 points.

Total score: 81

Given the scores, the deal <DEAL>A2, B2, C2, D2, E3</DEAL> seems to be the most balanced and meets the minimum threshold of 50 points.

</SCRATCHPAD>

<ANSWER>
<DEAL>A2, B2, C2, D2, E3</DEAL>
</ANSWER>

<PLAN>
- Explore if SportCo can slightly increase the federal loan to $2 billion (D2) to secure full support.
- Confirm with Other Cities if they can accept $300 million (E3) with some flexibility in job distribution.
- Ensure Environmental League agrees to B2.
- Confirm Mayor’s support for C2 and E3.
</PLAN>
=====
Other cities response: <SCRATCHPAD>
- **Mayor**: A2, B2, C2, D2, E3 (59)
- **Local Labour Union**: A2, B2, C2, D2, E3 (59)
- **Environmental League**: A2, B2, C2, D2, E4 (57)
- **SportCo**: A2, B2, C2, D2, E4 (57)
- **Other Cities**: A2, B2, C2, D2, E3 (58)

To balance all parties' interests and meet the minimum score of 31, I need to explore a deal that includes:
- **Infrastructure Mix (A2)**: 4
- **Ecological Impact (B2)**: 0
- **Employment Rules (C2)**: 8
- **Federal Loan (D2)**: 8
- **Compensation (E3)**: 30

Total score: 4 + 0 + 8 + 8 + 30 = 50

Given the history and preferences, I can suggest a slight adjustment to make it more acceptable to the Environmental League while still meeting the minimum score.

<ANSWER>
<DEAL>A2, B2, C2, D2, E4</DEAL>

<PLAN>
- Explore if the Environmental League can accept a minor improvement clause (B3) instead of B4.
- Consider if SportCo can accept a slightly higher federal loan (D3) to increase the compensation to E4.
- Confirm C2 with the Local Labour Union.
- Ensure E4 with Other Cities remains agreed.
</PLAN>
=====
Department of Tourism response: <SCRATCHPAD>
- Observations:
  - Local Labour Union prefers C2 over C3.
  - Environmental League prefers B1 over B2.
  - Other Cities prefer E4 over E3.
  - SportCo seems flexible with A2 but wants to keep B2.
  
- Deals' Calculations:
  - Current best deal: A2, B2, C2, D2, E4 = 72
  - Possible improvements:
    - If Environmental League accepts B1, we get B1 instead of B2 = 77
    - If Other Cities accept E3, we get E3 instead of E4 = 75

- Plan:
  - Try to convince Environmental League to accept B1.
  - Offer to Other Cities to reconsider E4 to E3.
</SCRATCHPAD>

<ANSWER>
<DEAL>A2, B1, C2, D2, E3</DEAL>

<PLAN>
- Propose B1 to Environmental League for a 5-point increase.
- Offer E3 to Other Cities for a 1-point decrease.
</PLAN>
=====
Mayor response: <SCRATCHPAD>
1. **Environmental League**: They prefer B2 (12), but might accept B3 (8) for a minor improvement clause.
2. **Local Labour Union**: They prefer C2 (18), but might accept C3 (12).
3. **Department of Tourism**: They prefer B1 (12) over B2 (8) for environmental impact, and offer E3 (4) instead of E4 (7).
4. **Other Cities**: They prefer E4 (7) over E3 (4).

Considering the above, a balanced deal could be:
- **A2 (8)**: Flexibility in infrastructure mix.
- **B3 (8)**: Minor environmental improvement.
- **C3 (12)**: Union quota of 1:1.
- **D2 (30)**: Federal loan of $2 billion.
- **E3 (4)**: Compensation of $300 million to Other Cities.

Total Score: 8 + 8 + 12 + 30 + 4 = 62

This deal meets the minimum score requirement and balances the interests of all parties.
</SCRATCHPAD>

<ANSWER>
DEAL A2, B3, C3, D2, E3
</ANSWER>

<PLAN>
- Confirm B3 with Environmental League for minor improvement.
- Confirm C3 with Local Labour Union.
- Ensure E3 with Other Cities.
- Discuss D2 with Department of Tourism for final confirmation.
</PLAN>
=====
Environmental League response: <SCRATCHPAD>
- **Observations**:
  - SportCo seems flexible on A2.
  - Local Labour Union prefers C2.
  - Other Cities are flexible on E4 but may accept a slight increase to E3.
  - Department of Tourism prefers B1 and offers a trade-off with E3.
  - Mayor proposes B3, which is better for the environment but might be hard for SportCo.

- **Deals' Calculations**:
  - Current deal: A2, B2, C2, D2, E4 (Score: 87)
  - Mayor's deal: A2, B3, C3, D2, E3 (Score: 93)

- **Strategies**:
  - Can try to get B3 accepted by appealing to the Mayor's desire to improve the environment.
  - Explore if Other Cities can accept E3 instead of E4.
  - Ensure C2 remains with Local Labour Union.

- **Proposals**:
  - Suggest B3 to Mayor in exchange for C3 and E3.
  - Confirm A2, C2, D2, E3.

</SCRATCHPAD>

<ANSWER>
<DEAL>A2, B3, C2, D2, E3</DEAL>

<PLAN>
- Discuss with Mayor the benefits of B3 for the environment.
- Confirm with Local Labour Union on C2.
- Explore with Other Cities if they can accept E3.
</PLAN>
=====
SportCo response: <SCRATCHPAD>
- **Observations:**
  - Environmental League prefers B3 over B2.
  - Local Labour Union prefers C2.
  - Other Cities stick to E4.
  - Department of Tourism prefers B1 and E3.
  - Mayor supports C3.
  - Environmental League seems open to minor improvements (B3).

- **Calculations:**
  - Current deal: A2, B2, C2, D2, E3 = 14 + 7 + 17 + 29 + 10 = 77
  - Potential improvements:
    - B2 to B3: +4 (new total = 81)
    - D2 to D3: +1 (new total = 78)
    - E3 to E4: +15 (new total = 92)

- **Strategies:**
  - Target B3 to get closer to 100.
  - Offer D3 to Department of Tourism for E4.
  - Confirm C2 with Local Labour Union.
  - Ensure Mayor's support by offering something he wants.

</SCRATCHPAD>

<ANSWER>
<DEAL>A2, B3, C2, D3, E4</DEAL>

<PLAN>
- Propose D3 to Department of Tourism in exchange for E4.
- Confirm C2 with Local Labour Union.
- Ensure Mayor's support by offering something he wants.
</PLAN>
=====
Department of Tourism response: <SCRATCHPAD>
- The Environmental League accepted B3, which is a significant improvement for me. This aligns with my second priority.
- The Mayor agreed to B3, which is positive.
- The Local Labour Union confirmed C2, which is acceptable.
- Other Cities agreed to E3, which is close to my preferred option.
- SportCo proposed D3 and E4, which aligns with my first and fourth priorities but is below my minimum threshold of 65.
- To reach 65, I need to adjust D3 to D2 and increase the compensation to E4 to E3.
- I propose B1 to the Environmental League for a 5-point increase.
- Offer E3 to Other Cities for a 1-point decrease.
- Ensure C2 with the Local Labour Union.
- Ensure Mayor's support by offering something he wants, likely C3.
- Final deal: A2, B1, C2, D2, E3
</SCRATCHPAD>

<ANSWER>
DEAL A2, B1, C2, D2, E3</ANSWER>
=====
Environmental League response: <SCRATCHPAD>
Observations:
1. The Department of Tourism is willing to offer $2 billion (D2) and $300 million (E3) but prefers B1.
2. SportCo is proposing D3 ($3 billion) and E4 ($600 million), which aligns with their initial preference.
3. The Mayor supports B3 and C3.
4. Other Cities are sticking to E4.

Strategies:
- Try to get B3 accepted from the Department of Tourism.
- Confirm C2 with the Local Labour Union.
- Negotiate with SportCo on the federal loan to get E4 from Other Cities.

Calculations:
- Need at least 55 points to accept.
- Best deal would be A2, B3, C2, D3, E4 = 98 points.

Plan:
1. Appeal to the Department of Tourism to consider B3 for environmental benefits.
2. Confirm C2 with the Local Labour Union.
3. Work with SportCo to shift E4 to Other Cities.
</SCRATCHPAD>

<ANSWER>
DEAL A2, B3, C2, D3, E4</ANSWER>
=====
Mayor response: <SCRATCHPAD>
- **Environmental League**: They prefer B3 (12) over B1 (12) but are open to compromise. Their overall preference is B3.
- **Local Labour Union**: Prefers C3 (12) over C2 (18) but can accept C2 (18) if necessary.
- **Department of Tourism**: Prefers D3 (30) over D2 (23) and D1 (40), indicating a strong preference for a higher loan amount.
- **Other Cities**: Prefer E4 (7) over E3 (4), E2 (2), and E1 (0), showing a slight preference for lower compensation.
- **Mayor** (me): Need to ensure a score above 30 and align with key priorities: D2 (23), C3 (12), A2 (8), B3 (12), and E3 (4).

Proposed deal: <DEAL> A2, B3, C3, D2, E3 </DEAL>
Total score: 23 + 12 + 12 + 23 + 4 = 74

This deal respects the environmental league’s desire for better ecological practices, supports the local labor union with a reasonable quota, provides a substantial loan from the Department of Tourism, and avoids giving too much compensation to other cities while still ensuring some benefit. It aims to balance all parties' interests and meet the minimum score requirement.
</SCRATCHPAD>

<ANSWER>
DEAL A2, B3, C3, D2, E3
=====
Other cities response: <SCRATCHPAD>
- Mayor: A2, B3, C3, D2, E3 (Score: 39)
- Environmental League: A2, B3, C2, D3, E4 (Score: 40)
- SportCo: A2, B3, C2, D3, E4 (Score: 40)
- Department of Tourism: A2, B1, C2, D2, E3 (Score: 37)
- Other Cities: E3 (Score: 30)

To reach an agreement, I need to consider the minimum scores and common ground. The Mayor needs E3, which is my top priority. SportCo and the Environmental League have similar preferences for B3, C2, and D3. The Department of Tourism supports B1 and D2. To balance, I can suggest:

A2 (10) + B3 (0) + C2 (8) + D2 (13) + E3 (30) = 61

This score meets the Mayor's minimum requirement and is above my threshold of 31. It also aligns with the Department of Tourism and partially with the Environmental League and SportCo.
</SCRATCHPAD>

<DEAL>A2, B3, C2, D2, E3</DEAL>

<ANSWER>
DEAL A2, B3, C2, D2, E3
=====
Local Labour Union response: <SCRATCHPAD>
1) Analyzing Others' Preferences:
   - Environmental League prefers B3 (score 30)
   - Department of Tourism prefers D2 (score 20)
   - Mayor prefers C3 (score 25)
   - Other Cities prefer E3 (score 6)

2) Current Deals and Scores:
   - Environmental League: A2, B3, C2, D3, E4 (47)
   - SportCo: A2, B3, C2, D2, E3 (49)
   - Department of Tourism: A2, B1, C2, D2, E3 (46)
   - Mayor: A2, B3, C3, D2, E3 (48)
   - Other Cities: A2, B3, C2, D2, E3 (49)

3) Adjusting for Agreement:
   - Need to balance the scores to meet the minimum threshold of 50.
   - Consider compromising on B1 or C3 to align with the Mayor's and Department of Tourism's preferences.
   - Ensure E3 is kept as it meets Other Cities' expectations.

Proposed Deal: A2, B1, C3, D2, E3 (Score: 47 + 20 + 25 + 20 + 6 = 118 - 18 = 100)

</SCRATCHPAD>

<ANSWER>
<DEAL>A2, B1, C3, D2, E3</DEAL>
 ==== Deal Suggestions ==== 
=====
SportCo response: <SCRATCHPAD>
Observations:
1. Department of Tourism prefers D2 over D3 and is willing to trade D3 for E4.
2. Environmental League is firm on B3.
3. Mayor is open to compromise on C3.
4. Other cities are flexible on E3.

Proposals:
- Department of Tourism: Trade D3 for E4.
- Mayor: Offer something he wants (e.g., better infrastructure mix or ecological measures).
- Local Labour Union: Confirm C2.
- Environmental League: Maintain B3.

Calculations:
- Current score: A2+B3+C2+D3+E3 = 60
- Potential improvements:
  - Trade D3 for E4: 60 + (23 - 10) = 73
  - Mayor's support: 73 + 10 = 83

Plan:
1. Propose D3 to Department of Tourism in exchange for E4.
2. Confirm C2 with Local Labour Union.
3. Ensure Mayor's support by offering something he wants.
4. Confirm B3 with Environmental League.
5. Confirm E3 with Other Cities.

</SCRATCHPAD>
<ANSWER>
DEAL A2, B3, C2, D3, E4</ANSWER>
